2025-06-19 18:36:21,386 - ./NIROOD/utils/util.py[line:223] - INFO: 
 +--------------+-------------------------------------+
| Parameter    | Value                               |
+--------------+-------------------------------------+
| device       | 1                                   |
+--------------+-------------------------------------+
| root         | ./NIROOD/datasets    |
+--------------+-------------------------------------+
| check_point  | ./NIROOD/check_point |
+--------------+-------------------------------------+
| seed         | [2022, 2024, 2025, 2027]            |
+--------------+-------------------------------------+
| dataset      | manggo_HarvestTime                  |
+--------------+-------------------------------------+
| label        | brix                                |
+--------------+-------------------------------------+
| taskMode     | regression                          |
+--------------+-------------------------------------+
| log_dir      | ./NIROOD/logs        |
+--------------+-------------------------------------+
| metric       | mse                                 |
+--------------+-------------------------------------+
| save_model   | False                               |
+--------------+-------------------------------------+
| drop_early   | 0                                   |
+--------------+-------------------------------------+
| batch_size   | 128                                 |
+--------------+-------------------------------------+
| epochs       | 10                                  |
+--------------+-------------------------------------+
| lr           | 0.000                               |
+--------------+-------------------------------------+
| model        | ours                                |
+--------------+-------------------------------------+
| bidirection  | False                               |
+--------------+-------------------------------------+
| num_envs     | 1                                   |
+--------------+-------------------------------------+
| irm_opt      | eiil                                |
+--------------+-------------------------------------+
| threshold    | 0.050                               |
+--------------+-------------------------------------+
| window_size  | 2                                   |
+--------------+-------------------------------------+
| rate         | 0.100                               |
+--------------+-------------------------------------+
| batch_rate   | 0.200                               |
+--------------+-------------------------------------+
| spec_coe     | 1                                   |
+--------------+-------------------------------------+
| Odcnn_coe    | 1                                   |
+--------------+-------------------------------------+
| invMode_coe  | 1                                   |
+--------------+-------------------------------------+
| invCont_coe  | 1                                   |
+--------------+-------------------------------------+
| drop_rate    | 0.400                               |
+--------------+-------------------------------------+
| current_time | 2.025e+13                           |
+--------------+-------------------------------------+
2025-06-19 18:36:26,506 - main.py[line:273] - INFO: 
 Epoch 0 train loss: 1.0038987685894143, train perf: {'r2': -0.0045577925284781, 'rmse': 2.350619628881118, 'rpd': 0.9977288643176837, 'rer': 7.222931668950462, 'mse': 5.525412639681204, 'mae': 1.9577558155632615, 'mape': 11.680045816616385}, test loss: 1.0082588156064352, test perf: {'r2': 0.0019479403923948757, 'rmse': 2.3449447805370727, 'rpd': 1.0009753954368699, 'rer': 7.204815612716238, 'mse': 5.49876602376806, 'mae': 1.9242834422899329, 'mape': 11.571995852657482}, ood loss: 1.0108882665634156, ood perf: {'r2': -0.009886014262558085, 'rmse': 2.357476379503968, 'rpd': 0.9950933435015782, 'rer': 7.194841592037625, 'mse': 5.557694879919136, 'mae': 1.9063453192121527, 'mape': 11.476731647374246}
2025-06-19 18:36:28,620 - main.py[line:273] - INFO: 
 Epoch 1 train loss: 0.9876011044814669, train perf: {'r2': 0.010461268129832502, 'rmse': 2.332981493983951, 'rpd': 1.0052720344392696, 'rer': 7.277539493083869, 'mse': 5.442802651271587, 'mae': 1.9405249449072495, 'mape': 11.530118393945674}, test loss: 0.9852430621782938, test perf: {'r2': 0.013036015398927958, 'rmse': 2.3318825644748804, 'rpd': 1.0065824346108512, 'rer': 7.245173930778773, 'mse': 5.437676294501945, 'mae': 1.9087691980859507, 'mape': 11.429657678202373}, ood loss: 1.0077022165060043, ood perf: {'r2': -0.007410697687754819, 'rmse': 2.354585419291383, 'rpd': 0.9963151192079516, 'rer': 7.203675419261736, 'mse': 5.544072496739577, 'mae': 1.8968438535785215, 'mape': 11.375349528040118}
2025-06-19 18:36:30,733 - main.py[line:273] - INFO: 
 Epoch 2 train loss: 0.9490205470857949, train perf: {'r2': 0.05127841897586072, 'rmse': 2.2843586216923564, 'rpd': 1.0266693812852041, 'rer': 7.432442873844242, 'mse': 5.218294312500202, 'mae': 1.899629888237778, 'mape': 11.352463764610965}, test loss: 0.948641836643219, test perf: {'r2': 0.04691716654479716, 'rmse': 2.291507834008584, 'rpd': 1.0243176977796566, 'rer': 7.372828717856202, 'mse': 5.251008153322713, 'mae': 1.8755997331246086, 'mape': 11.29345548903309}, ood loss: 1.0011449992656707, ood perf: {'r2': -0.0016506528029422984, 'rmse': 2.347844395067974, 'rpd': 0.9991756939406032, 'rer': 7.224358285043143, 'mse': 5.512373303452101, 'mae': 1.8901530483178495, 'mape': 11.384202739265566}
2025-06-19 18:36:32,861 - main.py[line:273] - INFO: 
 Epoch 3 train loss: 0.9158763371664902, train perf: {'r2': 0.08438911930952575, 'rmse': 2.24414217386678, 'rpd': 1.0450679462635672, 'rer': 7.565636953316266, 'mse': 5.0361740965275175, 'mae': 1.8641674876585654, 'mape': 11.226342706321764}, test loss: 0.93174968957901, test perf: {'r2': 0.07346570989741474, 'rmse': 2.2593669470818454, 'rpd': 1.0388892481619065, 'rer': 7.4777117491216165, 'mse': 5.104739001565938, 'mae': 1.8484581138776697, 'mape': 11.209566480418525}, ood loss: 0.9754782140254974, ood perf: {'r2': 0.01695859908473385, 'rmse': 2.325932330693089, 'rpd': 1.0085886944129443, 'rer': 7.292417274429963, 'mse': 5.409961206963383, 'mae': 1.868550064858426, 'mape': 11.330350189574952}
2025-06-19 18:36:34,973 - main.py[line:273] - INFO: 
 Epoch 4 train loss: 0.8888258944297659, train perf: {'r2': 0.1088683847404388, 'rmse': 2.2139398670629125, 'rpd': 1.0593246400489378, 'rer': 7.668846481194669, 'mse': 4.901529734970546, 'mae': 1.8352573515037622, 'mape': 11.040785618140719}, test loss: 0.9077347914377848, test perf: {'r2': 0.097735366008747, 'rmse': 2.229579640864647, 'rpd': 1.0527688654644547, 'rer': 7.5776143879834645, 'mse': 4.971025374958127, 'mae': 1.8189113243766453, 'mape': 11.021460276608048}, ood loss: 0.974761888384819, ood perf: {'r2': 0.022521595106355097, 'rmse': 2.319341809775577, 'rpd': 1.0114546475293318, 'rer': 7.313139027637614, 'mse': 5.379346430573049, 'mae': 1.8604933756312436, 'mape': 11.27475095953233}
2025-06-19 18:36:37,123 - main.py[line:273] - INFO: 
 Epoch 5 train loss: 0.8653737871811308, train perf: {'r2': 0.13399095875771871, 'rmse': 2.182509325385451, 'rpd': 1.0745800833415524, 'rer': 7.779286329557137, 'mse': 4.763346955394457, 'mae': 1.799447284604661, 'mape': 10.790847587613184}, test loss: 0.8881975968678792, test perf: {'r2': 0.11898512164859243, 'rmse': 2.2031681471362226, 'rpd': 1.0653894175198377, 'rer': 7.668454533409854, 'mse': 4.853949884555656, 'mae': 1.7900368949641352, 'mape': 10.797178289043536}, ood loss: 0.9689536362886428, ood perf: {'r2': 0.024967173075648552, 'rmse': 2.3164385827261857, 'rpd': 1.0127223187353966, 'rer': 7.322304693932123, 'mse': 5.365887707542499, 'mae': 1.8486016837590005, 'mape': 11.167173008719438}
2025-06-19 18:36:39,369 - main.py[line:273] - INFO: 
 Epoch 6 train loss: 0.8378560512230314, train perf: {'r2': 0.1622272851707901, 'rmse': 2.1466339857904106, 'rpd': 1.0925388623728787, 'rer': 7.909296634400586, 'mse': 4.608037468950425, 'mae': 1.7658376657439567, 'mape': 10.575468766984573}, test loss: 0.8569051861763001, test perf: {'r2': 0.1416954622218689, 'rmse': 2.174586697304718, 'rpd': 1.0793922504377438, 'rer': 7.769244053001546, 'mse': 4.728827304094642, 'mae': 1.7563891913579859, 'mape': 10.57717388911724}, ood loss: 0.9581597298383713, ood perf: {'r2': 0.03587470289389272, 'rmse': 2.303445335922589, 'rpd': 1.0184348706356439, 'rer': 7.363608262363145, 'mse': 5.305860415583528, 'mae': 1.8329788126876612, 'mape': 11.044028554804848}
2025-06-19 18:36:41,547 - main.py[line:273] - INFO: 
 Epoch 7 train loss: 0.8095643448418585, train perf: {'r2': 0.19134067441629687, 'rmse': 2.109005413910925, 'rpd': 1.1120317839380698, 'rer': 8.05041316969284, 'mse': 4.447903835905592, 'mae': 1.7273955358761066, 'mape': 10.34386212968119}, test loss: 0.8397558848063151, test perf: {'r2': 0.16543779281990434, 'rmse': 2.144299180723627, 'rpd': 1.094638308905948, 'rer': 7.878982055139111, 'mse': 4.5980189764520185, 'mae': 1.7248787154322085, 'mape': 10.386843437153406}, ood loss: 0.9571705639362336, ood perf: {'r2': 0.04092139903372516, 'rmse': 2.2974087548365767, 'rpd': 1.0211108701348501, 'rer': 7.382956590460095, 'mse': 5.27808698679975, 'mae': 1.8177762708924172, 'mape': 10.942737780077993}
2025-06-19 18:36:43,695 - main.py[line:273] - INFO: 
 Epoch 8 train loss: 0.7775348527678128, train perf: {'r2': 0.22160094740379876, 'rmse': 2.0691693861669234, 'rpd': 1.1334408233783986, 'rer': 8.205401197508504, 'mse': 4.281461948650403, 'mae': 1.6895645229465563, 'mape': 10.127384504648997}, test loss: 0.8097119609514872, test perf: {'r2': 0.1914962071086974, 'rmse': 2.110556843557903, 'rpd': 1.1121387401340201, 'rer': 8.004946570067323, 'mse': 4.454450189889099, 'mae': 1.6954347859258236, 'mape': 10.205933526079534}, ood loss: 0.9551619678735733, ood perf: {'r2': 0.03850374880641538, 'rmse': 2.3003025921358966, 'rpd': 1.0198262875182675, 'rer': 7.3736686492849755, 'mse': 5.2913920153871254, 'mae': 1.816623016115559, 'mape': 10.922422954373376}
2025-06-19 18:36:45,826 - main.py[line:273] - INFO: 
 Epoch 9 train loss: 0.7586951882674776, train perf: {'r2': 0.23927035303278177, 'rmse': 2.045549841304302, 'rpd': 1.1465284323118685, 'rer': 8.300147283762154, 'mse': 4.184274153260055, 'mae': 1.6637658141102865, 'mape': 9.98916657561214}, test loss: 0.7866085171699524, test perf: {'r2': 0.20654549137473566, 'rmse': 2.0908218923060944, 'rpd': 1.1226360493034706, 'rer': 8.080504048643066, 'mse': 4.371536185346437, 'mae': 1.671183282914369, 'mape': 10.071722506548934}, ood loss: 0.952593395113945, ood perf: {'r2': 0.05486389633444588, 'rmse': 2.280648458403548, 'rpd': 1.0286149292595201, 'rer': 7.437213326324996, 'mse': 5.201357390818479, 'mae': 1.8004165331012365, 'mape': 10.842623707829492}
2025-06-19 18:36:45,830 - main.py[line:299] - INFO: 
 Best result: {'mse': [9, 4.371536185346437, 4.184274153260055, 4.371536185346437, 5.201357390818479]}
2025-06-19 18:36:52,237 - main.py[line:273] - INFO: 
 Epoch 0 train loss: 1.0004637416066795, train perf: {'r2': -0.0008890361139377578, 'rmse': 2.346323340936544, 'rpd': 0.9995557781180684, 'rer': 7.236157379879719, 'mse': 5.505233220223625, 'mae': 1.9549328582023437, 'mape': 11.683781796453909}, test loss: 0.9947635769844055, test perf: {'r2': 0.0015050106614596936, 'rmse': 2.345465059284069, 'rpd': 1.0007533557938362, 'rer': 7.203217416902368, 'mse': 5.501206344322422, 'mae': 1.92632519784181, 'mape': 11.600029049394266}, ood loss: 1.0113453835248947, ood perf: {'r2': -0.009028124669277604, 'rmse': 2.3564748386761845, 'rpd': 0.9955162746505194, 'rer': 7.1978995188550865, 'mse': 5.552973665313949, 'mae': 1.9053017821396143, 'mape': 11.503376101218524}
2025-06-19 18:36:54,368 - main.py[line:273] - INFO: 
 Epoch 1 train loss: 0.9866178457079262, train perf: {'r2': 0.012813540450633987, 'rmse': 2.330206932048866, 'rpd': 1.006469005181567, 'rer': 7.286204811078109, 'mse': 5.429864346168589, 'mae': 1.939127967934, 'mape': 11.524722600517043}, test loss: 0.9855618993441264, test perf: {'r2': 0.013388312963726223, 'rmse': 2.331466343678069, 'rpd': 1.0067621329127916, 'rer': 7.2464673623029645, 'mse': 5.435735311703583, 'mae': 1.9125113995178886, 'mape': 11.447270610586019}, ood loss: 1.01179900765419, ood perf: {'r2': -0.01137345618866159, 'rmse': 2.3592118817798022, 'rpd': 0.9943613249933416, 'rer': 7.189548865236068, 'mse': 5.565880703130995, 'mae': 1.9059754611975117, 'mape': 11.450118745992787}
2025-06-19 18:36:56,831 - main.py[line:273] - INFO: 
 Epoch 2 train loss: 0.9556822170471323, train perf: {'r2': 0.04265638918640602, 'rmse': 2.2947153277835555, 'rpd': 1.0220357289510498, 'rer': 7.398898135003638, 'mse': 5.26571843556479, 'mae': 1.9112074775918702, 'mape': 11.409742420478404}, test loss: 0.9734761714935303, test perf: {'r2': 0.035271170612937386, 'rmse': 2.305465624753806, 'rpd': 1.0181162554641754, 'rer': 7.328192007883488, 'mse': 5.315171746921457, 'mae': 1.889795470237732, 'mape': 11.358218332042041}, ood loss: 0.9947059482336045, ood perf: {'r2': 0.0034829923522726736, 'rmse': 2.341820097506158, 'rpd': 1.001746058633964, 'rer': 7.242942839872362, 'mse': 5.484121369083751, 'mae': 1.891323757018553, 'mape': 11.407444849542891}
2025-06-19 18:36:59,025 - main.py[line:273] - INFO: 
 Epoch 3 train loss: 0.9269894793115813, train perf: {'r2': 0.07472533053462538, 'rmse': 2.2559539559930943, 'rpd': 1.0395961524551576, 'rer': 7.526024595492223, 'mse': 5.089328251560891, 'mae': 1.8774752721204626, 'mape': 11.258311268219453}, test loss: 0.9350329041481018, test perf: {'r2': 0.06468912107935632, 'rmse': 2.270042643177061, 'rpd': 1.0340034959390139, 'rer': 7.442545106608893, 'mse': 5.153093601842297, 'mae': 1.8574163892994757, 'mape': 11.213207755759544}, ood loss: 0.9841946601867676, ood perf: {'r2': 0.018277487769478684, 'rmse': 2.324371523874444, 'rpd': 1.0092659579636625, 'rer': 7.297314105461243, 'mse': 5.402702980998405, 'mae': 1.873413043075733, 'mape': 11.341700709875662}
2025-06-19 18:37:01,176 - main.py[line:273] - INFO: 
 Epoch 4 train loss: 0.9068746690092415, train perf: {'r2': 0.09613888254332292, 'rmse': 2.229696473968919, 'rpd': 1.051838705468171, 'rer': 7.614653006505441, 'mse': 4.971546366029431, 'mae': 1.8519929939515727, 'mape': 11.128656803960178}, test loss: 0.9110025842984517, test perf: {'r2': 0.08537113233977955, 'rmse': 2.244804244934309, 'rpd': 1.0456288267774587, 'rer': 7.526221853819311, 'mse': 5.039146098075093, 'mae': 1.8332261090693267, 'mape': 11.089531309281275}, ood loss: 0.9713258385658264, ood perf: {'r2': 0.0271977245931585, 'rmse': 2.313787444273941, 'rpd': 1.0138826963177414, 'rer': 7.330694593177699, 'mse': 5.353612337279734, 'mae': 1.8655118414142542, 'mape': 11.29426220566259}
2025-06-19 18:37:03,338 - main.py[line:273] - INFO: 
 Epoch 5 train loss: 0.8772656783975404, train perf: {'r2': 0.12116272297020991, 'rmse': 2.198614712742434, 'rpd': 1.0667085229503606, 'rer': 7.722301165684509, 'mse': 4.833906655087496, 'mae': 1.82143198988622, 'mape': 10.95754525692373}, test loss: 0.8830260793368022, test perf: {'r2': 0.11256560648997338, 'rmse': 2.211180271202042, 'rpd': 1.0615290211954171, 'rer': 7.640668192370652, 'mse': 4.889318191753135, 'mae': 1.800402199703714, 'mape': 10.89633669945824}, ood loss: 0.9748375564813614, ood perf: {'r2': 0.03607761853053637, 'rmse': 2.303202924654039, 'rpd': 1.0185420605346682, 'rer': 7.364383279449515, 'mse': 5.3047437121349175, 'mae': 1.8541228912806627, 'mape': 11.2156372892599}
2025-06-19 18:37:05,527 - main.py[line:273] - INFO: 
 Epoch 6 train loss: 0.8476166529902096, train perf: {'r2': 0.15172967859108066, 'rmse': 2.160041182035715, 'rpd': 1.0857575643794533, 'rer': 7.860204286985341, 'mse': 4.665777908090249, 'mae': 1.7855711977254083, 'mape': 10.761109202702063}, test loss: 0.871687920888265, test perf: {'r2': 0.13156936098452332, 'rmse': 2.1873767486679196, 'rpd': 1.0730808171958262, 'rer': 7.723815650897677, 'mse': 4.784617040613039, 'mae': 1.7794551471005315, 'mape': 10.790653984267}, ood loss: 0.9537791013717651, ood perf: {'r2': 0.04433522305132054, 'rmse': 2.293316316095039, 'rpd': 1.0229330495067128, 'rer': 7.396131527282303, 'mse': 5.259299725667721, 'mae': 1.8371121642294894, 'mape': 11.108259614481291}
2025-06-19 18:37:07,786 - main.py[line:273] - INFO: 
 Epoch 7 train loss: 0.8216598897144712, train perf: {'r2': 0.1768638651002742, 'rmse': 2.12779962774295, 'rpd': 1.1022095418139324, 'rer': 7.979306292628551, 'mse': 4.527531255823036, 'mae': 1.7524681669293027, 'mape': 10.51277599699777}, test loss: 0.8518680572509766, test perf: {'r2': 0.15177931747644868, 'rmse': 2.161774808286506, 'rpd': 1.0857893338280753, 'rer': 7.815288947308256, 'mse': 4.67327032174216, 'mae': 1.743807962148086, 'mape': 10.519801511411432}, ood loss: 0.9539674580097198, ood perf: {'r2': 0.04053231567623383, 'rmse': 2.2978747191854145, 'rpd': 1.0209038086890188, 'rer': 7.381459470303175, 'mse': 5.280228225071448, 'mae': 1.832308528511329, 'mape': 11.019247429403876}
2025-06-19 18:37:09,958 - main.py[line:273] - INFO: 
 Epoch 8 train loss: 0.7895691692829132, train perf: {'r2': 0.20823569944029152, 'rmse': 2.0868577813600178, 'rpd': 1.1238336765038102, 'rer': 8.13585147524385, 'mse': 4.354975399622855, 'mae': 1.7115861180198308, 'mape': 10.368868418637334}, test loss: 0.8236129323641459, test perf: {'r2': 0.17919742646340986, 'rmse': 2.1265489177750077, 'rpd': 1.1037752338336104, 'rer': 7.944747766934962, 'mse': 4.522210299690056, 'mae': 1.7135029616563215, 'mape': 10.432733306929965}, ood loss: 0.9542362987995148, ood perf: {'r2': 0.04483106111303026, 'rmse': 2.2927213056488847, 'rpd': 1.0231985226144444, 'rer': 7.39805098234604, 'mse': 5.256570985376327, 'mae': 1.8236758207624262, 'mape': 11.055160107387891}
2025-06-19 18:37:12,216 - main.py[line:273] - INFO: 
 Epoch 9 train loss: 0.7748939394950867, train perf: {'r2': 0.2256817622709124, 'rmse': 2.0637383715670996, 'rpd': 1.1364236305717008, 'rer': 8.226994852166987, 'mse': 4.2590160662784236, 'mae': 1.6869375274498544, 'mape': 10.17684599934703}, test loss: 0.8035436471303304, test perf: {'r2': 0.1962379674532181, 'rmse': 2.1043586837362893, 'rpd': 1.1154144239366122, 'rer': 8.028524270289353, 'mse': 4.428325469816328, 'mae': 1.689123943577642, 'mape': 10.234519676419183}, ood loss: 0.9577124565839767, ood perf: {'r2': 0.042602088797789706, 'rmse': 2.2953948821133516, 'rpd': 1.0220067453259891, 'rer': 7.389434053231378, 'mse': 5.268837664832167, 'mae': 1.819555644621627, 'mape': 10.985903910610192}
2025-06-19 18:37:12,221 - main.py[line:299] - INFO: 
 Best result: {'mse': [9, 4.428325469816328, 4.2590160662784236, 4.428325469816328, 5.268837664832167]}
2025-06-19 18:37:18,783 - main.py[line:273] - INFO: 
 Epoch 0 train loss: 0.99127472269124, train perf: {'r2': 0.007805950822237007, 'rmse': 2.3361095453364302, 'rpd': 1.0039259748962939, 'rer': 7.267794865611451, 'mse': 5.457407807811983, 'mae': 1.9485433460302466, 'mape': 11.859704746158464}, test loss: 1.005684232711792, test perf: {'r2': 0.0018248796593417493, 'rmse': 2.3450893430006117, 'rpd': 1.000913690551494, 'rer': 7.204371473605962, 'mse': 5.499444026655041, 'mae': 1.9307330598001895, 'mape': 11.839156731564167}, ood loss: 0.9940757513046264, ood perf: {'r2': 0.0013736832517849962, 'rmse': 2.344297230995294, 'rpd': 1.0006875500640422, 'rer': 7.235289486009496, 'mse': 5.495729507252204, 'mae': 1.8948103642961187, 'mape': 11.633627996010846}
2025-06-19 18:37:21,593 - main.py[line:273] - INFO: 
 Epoch 1 train loss: 0.9435475376145593, train perf: {'r2': 0.05398926035184126, 'rmse': 2.2810926667996005, 'rpd': 1.028139315382075, 'rer': 7.443084275450699, 'mse': 5.203383754526914, 'mae': 1.9003849331492524, 'mape': 11.521946202969586}, test loss: 0.941636037826538, test perf: {'r2': 0.04435449344155251, 'rmse': 2.2945864978611543, 'rpd': 1.0229433630693976, 'rer': 7.362936538465269, 'mse': 5.265127196166717, 'mae': 1.8891084401503853, 'mape': 11.528818242181}, ood loss: 0.9765734821557999, ood perf: {'r2': 0.01960220556719483, 'rmse': 2.3228027629866634, 'rpd': 1.0099475900787311, 'rer': 7.302242522603204, 'mse': 5.395412675738478, 'mae': 1.8736895948504941, 'mape': 11.456341962920806}
2025-06-19 18:37:24,386 - main.py[line:273] - INFO: 
 Epoch 2 train loss: 0.9190626062195877, train perf: {'r2': 0.08132549932239819, 'rmse': 2.2478934712173397, 'rpd': 1.0433239309584956, 'rer': 7.553011375537929, 'mse': 5.053025057941541, 'mae': 1.8718495816701066, 'mape': 11.350328131043696}, test loss: 0.9343321522076925, test perf: {'r2': 0.06332566466017053, 'rmse': 2.2716966264285046, 'rpd': 1.033250655773509, 'rer': 7.437126317492761, 'mse': 5.160605562526648, 'mae': 1.8639857364737469, 'mape': 11.376283882627668}, ood loss: 0.9756137013435364, ood perf: {'r2': 0.031915175567309384, 'rmse': 2.3081704529535765, 'rpd': 1.0163500055659804, 'rer': 7.34853402433818, 'mse': 5.327650839887919, 'mae': 1.859642831701337, 'mape': 11.36706356921238}
2025-06-19 18:37:26,947 - main.py[line:273] - INFO: 
 Epoch 3 train loss: 0.8967436644537695, train perf: {'r2': 0.10384835562277328, 'rmse': 2.2201670248146543, 'rpd': 1.0563534304191387, 'rer': 7.647336785627383, 'mse': 4.929141618074355, 'mae': 1.8463683452987205, 'mape': 11.162652092039558}, test loss: 0.9120930035909017, test perf: {'r2': 0.09227360412420615, 'rmse': 2.2363177194258617, 'rpd': 1.0495968477942097, 'rer': 7.5547828553218475, 'mse': 5.001116942218087, 'mae': 1.8344772753508194, 'mape': 11.158237688275438}, ood loss: 0.9645215064287186, ood perf: {'r2': 0.03963096132577759, 'rmse': 2.2989538139790917, 'rpd': 1.020424611595931, 'rer': 7.377994722801198, 'mse': 5.285188638809013, 'mae': 1.8493186489919597, 'mape': 11.268691339425942}
2025-06-19 18:37:29,085 - main.py[line:273] - INFO: 
 Epoch 4 train loss: 0.8771713396598553, train perf: {'r2': 0.12053191345513825, 'rmse': 2.1994036291514574, 'rpd': 1.0663258992944538, 'rer': 7.719531210218272, 'mse': 4.837376323924602, 'mae': 1.8278389377492912, 'mape': 11.024034045056464}, test loss: 0.902267849445343, test perf: {'r2': 0.0989008952760072, 'rmse': 2.2281391100110013, 'rpd': 1.0534494989247467, 'rer': 7.582513448043886, 'mse': 4.964603893560616, 'mae': 1.820887657870417, 'mape': 11.04620874431207}, ood loss: 0.949002942442894, ood perf: {'r2': 0.046023286819219744, 'rmse': 2.291289990905528, 'rpd': 1.0238376905663893, 'rer': 7.402672370073112, 'mse': 5.2500098224238565, 'mae': 1.8400741427132252, 'mape': 11.17380175331145}
2025-06-19 18:37:31,255 - main.py[line:273] - INFO: 
 Epoch 5 train loss: 0.8610961447502005, train perf: {'r2': 0.13880630400549987, 'rmse': 2.176433068997502, 'rpd': 1.07758014072387, 'rer': 7.801004864772846, 'mse': 4.736860903825886, 'mae': 1.8029145896394285, 'mape': 10.813734500687453}, test loss: 0.8693769852320353, test perf: {'r2': 0.1221648824270114, 'rmse': 2.199188713657235, 'rpd': 1.067317240398297, 'rer': 7.682330607124145, 'mse': 4.836430998277365, 'mae': 1.7925959353861602, 'mape': 10.807536424467393}, ood loss: 0.9431803196668624, ood perf: {'r2': 0.0479887510481648, 'rmse': 2.2889284183205607, 'rpd': 1.0248940219929843, 'rer': 7.410309982496784, 'mse': 5.239193304195463, 'mae': 1.829914631085832, 'mape': 11.051413572540138}
2025-06-19 18:37:33,572 - main.py[line:273] - INFO: 
 Epoch 6 train loss: 0.8417421086081143, train perf: {'r2': 0.15914702160066962, 'rmse': 2.1505766612197905, 'rpd': 1.0905358990719205, 'rer': 7.894796435423052, 'mse': 4.624979975783262, 'mae': 1.7749697104276627, 'mape': 10.628467797690115}, test loss: 0.8639408985773722, test perf: {'r2': 0.13858608372020986, 'rmse': 2.1785220722650402, 'rpd': 1.0774423903519463, 'rer': 7.755209359988302, 'mse': 4.745958419345965, 'mae': 1.7716794827710027, 'mape': 10.666259351647811}, ood loss: 0.931601032614708, ood perf: {'r2': 0.062361719953298755, 'rmse': 2.2715841825577896, 'rpd': 1.0327193994039525, 'rer': 7.466889951840874, 'mse': 5.160094698446742, 'mae': 1.8087948122529693, 'mape': 10.89617078527735}
2025-06-19 18:37:36,258 - main.py[line:273] - INFO: 
 Epoch 7 train loss: 0.818478283183328, train perf: {'r2': 0.18086171761285652, 'rmse': 2.1226261316762844, 'rpd': 1.104895967201861, 'rer': 7.99875432876812, 'mse': 4.505541694875027, 'mae': 1.7429477729491525, 'mape': 10.409967712983315}, test loss: 0.8317811052004497, test perf: {'r2': 0.1584391130016114, 'rmse': 2.153271508727645, 'rpd': 1.090077131221917, 'rer': 7.8461516335922, 'mse': 4.63657819029823, 'mae': 1.7377485534419184, 'mape': 10.430155510720217}, ood loss: 0.9443684101104737, ood perf: {'r2': 0.06652656056928108, 'rmse': 2.2665335593626286, 'rpd': 1.0350206565510953, 'rer': 7.483528773459332, 'mse': 5.137174375717026, 'mae': 1.7958845579413694, 'mape': 10.784425055041794}
2025-06-19 18:37:38,965 - main.py[line:273] - INFO: 
 Epoch 8 train loss: 0.7932251188261755, train perf: {'r2': 0.2071216639897555, 'rmse': 2.088325400160644, 'rpd': 1.1230438764887902, 'rer': 8.13013381812813, 'mse': 4.361102976956113, 'mae': 1.7117206433785157, 'mape': 10.274758650820898}, test loss: 0.8385269204775493, test perf: {'r2': 0.17972197332910023, 'rmse': 2.1258693068198826, 'rpd': 1.1041280954787278, 'rer': 7.9472875926903805, 'mse': 4.5193203096788475, 'mae': 1.7135453218999117, 'mape': 10.328107029257698}, ood loss: 0.9262917041778564, ood perf: {'r2': 0.07377206447503082, 'rmse': 2.2577201491146868, 'rpd': 1.0390610428960796, 'rer': 7.512742052708594, 'mse': 5.097300271718443, 'mae': 1.7825105404585935, 'mape': 10.741608952727333}
2025-06-19 18:37:41,431 - main.py[line:273] - INFO: 
 Epoch 9 train loss: 0.7822517557390805, train perf: {'r2': 0.21597938196105593, 'rmse': 2.07662767197187, 'rpd': 1.1293700283495895, 'rer': 8.175931192797858, 'mse': 4.312382487999308, 'mae': 1.6941204822683873, 'mape': 10.09935510187336}, test loss: 0.8199411670366923, test perf: {'r2': 0.18512687577506926, 'rmse': 2.1188539377203965, 'rpd': 1.1077837821615153, 'rer': 7.973600475711695, 'mse': 4.4895420093932294, 'mae': 1.701110930028169, 'mape': 10.188567042698322}, ood loss: 0.9361823081970215, ood perf: {'r2': 0.06416054399645854, 'rmse': 2.2694041617497294, 'rpd': 1.033711443843429, 'rer': 7.474062748886403, 'mse': 5.150195249366992, 'mae': 1.7845254024762787, 'mape': 10.687647586452915}
2025-06-19 18:37:41,436 - main.py[line:299] - INFO: 
 Best result: {'mse': [9, 4.4895420093932294, 4.312382487999308, 4.4895420093932294, 5.150195249366992]}
2025-06-19 18:37:48,304 - main.py[line:273] - INFO: 
 Epoch 0 train loss: 0.9829131611462297, train perf: {'r2': 0.015904278532277716, 'rmse': 2.3265563019035986, 'rpd': 1.008048268957641, 'rer': 7.297637691041578, 'mse': 5.41286422592735, 'mae': 1.940202718844377, 'mape': 11.820606431452822}, test loss: 0.9903685172398885, test perf: {'r2': 0.009880195850504925, 'rmse': 2.3356076889359483, 'rpd': 1.0049770088079595, 'rer': 7.2336184050960615, 'mse': 5.455063276616721, 'mae': 1.9238554861234582, 'mape': 11.806944504406335}, ood loss: 1.00362169444561, ood perf: {'r2': 0.004984735262310913, 'rmse': 2.340054880429145, 'rpd': 1.0025017243511742, 'rer': 7.248406543521239, 'mse': 5.475856843420259, 'mae': 1.8919060632084193, 'mape': 11.623310052507522}
2025-06-19 18:37:51,025 - main.py[line:273] - INFO: 
 Epoch 1 train loss: 0.9452915551333592, train perf: {'r2': 0.0544925787703372, 'rmse': 2.280485766339711, 'rpd': 1.0284129317459858, 'rer': 7.445065086441254, 'mse': 5.200615330478019, 'mae': 1.9010809508172175, 'mape': 11.596792582511505}, test loss: 0.9606578985850016, test perf: {'r2': 0.04187957296072864, 'rmse': 2.2975558243698098, 'rpd': 1.0216213264892209, 'rer': 7.353420790289179, 'mse': 5.278762766095637, 'mae': 1.8932208113048388, 'mape': 11.626664698358667}, ood loss: 0.9699512541294097, ood perf: {'r2': 0.02747607254111284, 'rmse': 2.313456398551884, 'rpd': 1.0140277785978715, 'rer': 7.3317435842398595, 'mse': 5.352080508000653, 'mae': 1.867727451110154, 'mape': 11.47138596696944}
2025-06-19 18:37:53,701 - main.py[line:273] - INFO: 
 Epoch 2 train loss: 0.9218356229107956, train perf: {'r2': 0.07709779079533863, 'rmse': 2.2530598984180483, 'rpd': 1.0409315146983515, 'rer': 7.535691781218559, 'mse': 5.076278905859546, 'mae': 1.877519312460861, 'mape': 11.390820425020962}, test loss: 0.9315181056658427, test perf: {'r2': 0.060807916685843844, 'rmse': 2.2747476981972836, 'rpd': 1.0318647781623782, 'rer': 7.427151054668612, 'mse': 5.1744770904538395, 'mae': 1.8701012258944305, 'mape': 11.420996124101618}, ood loss: 0.9620944112539291, ood perf: {'r2': 0.04093605291088365, 'rmse': 2.297391203577358, 'rpd': 1.021118671062069, 'rer': 7.38301299364677, 'mse': 5.278006342274621, 'mae': 1.847893053608951, 'mape': 11.28204913993045}
2025-06-19 18:37:56,021 - main.py[line:273] - INFO: 
 Epoch 3 train loss: 0.900987872789646, train perf: {'r2': 0.09751255645111256, 'rmse': 2.228001500912664, 'rpd': 1.0526389016370532, 'rer': 7.620445925259522, 'mse': 4.963990688069083, 'mae': 1.8529771833838384, 'mape': 11.272670113860213}, test loss: 0.919149374961853, test perf: {'r2': 0.08009343793619961, 'rmse': 2.251271539792661, 'rpd': 1.0426250176786307, 'rer': 7.5046010519579305, 'mse': 5.068223545880417, 'mae': 1.8471256774404774, 'mape': 11.307400176113356}, ood loss: 0.9586065709590912, ood perf: {'r2': 0.045179282357443284, 'rmse': 2.292303344484241, 'rpd': 1.0233850848542119, 'rer': 7.399399886718628, 'mse': 5.254654623133637, 'mae': 1.8420466710820818, 'mape': 11.267934510782133}
2025-06-19 18:37:58,238 - main.py[line:273] - INFO: 
 Epoch 4 train loss: 0.878273328830456, train perf: {'r2': 0.11975297335703727, 'rmse': 2.200377413492791, 'rpd': 1.06585399322183, 'rer': 7.7161149060111605, 'mse': 4.8416607618092256, 'mae': 1.8292947055885593, 'mape': 11.09035915178188}, test loss: 0.9057243784268697, test perf: {'r2': 0.09650110456032224, 'rmse': 2.231104106980196, 'rpd': 1.0520495308274538, 'rer': 7.57243676479007, 'mse': 4.977825536183898, 'mae': 1.8298586524051168, 'mape': 11.158816144536312}, ood loss: 0.9451525926589965, ood perf: {'r2': 0.05461307768771717, 'rmse': 2.2809510556759305, 'rpd': 1.0284784703595575, 'rer': 7.436226685046099, 'mse': 5.202737718389141, 'mae': 1.8332944949595542, 'mape': 11.175010533741103}
2025-06-19 18:38:00,394 - main.py[line:273] - INFO: 
 Epoch 5 train loss: 0.8673030230505713, train perf: {'r2': 0.13279900674623124, 'rmse': 2.184010783067518, 'rpd': 1.0738413340031157, 'rer': 7.773938247344783, 'mse': 4.769903100555194, 'mae': 1.8146262181195605, 'mape': 10.989580672966106}, test loss: 0.8841615716616312, test perf: {'r2': 0.11021456650528827, 'rmse': 2.2141073240274127, 'rpd': 1.0601256784184052, 'rer': 7.63056721886431, 'mse': 4.90227124231183, 'mae': 1.8097651802975199, 'mape': 11.021099886868267}, ood loss: 0.952352550625801, ood perf: {'r2': 0.05212509345755012, 'rmse': 2.283950484432776, 'rpd': 1.027127807146489, 'rer': 7.42646096012624, 'mse': 5.216429815340712, 'mae': 1.8310478035940596, 'mape': 11.136283253097622}
2025-06-19 18:38:03,068 - main.py[line:273] - INFO: 
 Epoch 6 train loss: 0.8412364896001487, train perf: {'r2': 0.15764185856679858, 'rmse': 2.1525006130234408, 'rpd': 1.0895611543971593, 'rer': 7.887739894881561, 'mse': 4.633258889066288, 'mae': 1.7827889582015426, 'mape': 10.797852767614181}, test loss: 0.8883700648943583, test perf: {'r2': 0.12799323726485867, 'rmse': 2.1918758376791825, 'rpd': 1.070878189642819, 'rer': 7.707961589493922, 'mse': 4.804319687801818, 'mae': 1.7877809068431025, 'mape': 10.886434742341013}, ood loss: 0.9442340433597565, ood perf: {'r2': 0.057871737201802276, 'rmse': 2.2770165507537423, 'rpd': 1.0302555999999436, 'rer': 7.449075897971291, 'mse': 5.18480437240647, 'mae': 1.8209096470767, 'mape': 11.056010347388542}
2025-06-19 18:38:05,808 - main.py[line:273] - INFO: 
 Epoch 7 train loss: 0.8222502120609941, train perf: {'r2': 0.17844624967630818, 'rmse': 2.1257534188034155, 'rpd': 1.1032705073039795, 'rer': 7.986987017835358, 'mse': 4.5188275975544085, 'mae': 1.753897253140951, 'mape': 10.62437371377724}, test loss: 0.8655401587486267, test perf: {'r2': 0.14451846405670088, 'rmse': 2.171007595696779, 'rpd': 1.0811717258052167, 'rer': 7.782052351755399, 'mse': 4.713273980573109, 'mae': 1.766321799547776, 'mape': 10.752170061515514}, ood loss: 0.9367957651615143, ood perf: {'r2': 0.06555887538184046, 'rmse': 2.2677080559981566, 'rpd': 1.0344845962431533, 'rer': 7.479652886815521, 'mse': 5.142499827238939, 'mae': 1.8096904494406514, 'mape': 10.981602983717027}
2025-06-19 18:38:08,482 - main.py[line:273] - INFO: 
 Epoch 8 train loss: 0.8044526453675895, train perf: {'r2': 0.19414208015490242, 'rmse': 2.105349173618164, 'rpd': 1.1139629863562783, 'rer': 8.064393864854118, 'mse': 4.432495142854687, 'mae': 1.7338650972076304, 'mape': 10.503788656028421}, test loss: 0.8484066009521485, test perf: {'r2': 0.15814948329216938, 'rmse': 2.1536420094018514, 'rpd': 1.0898896003740364, 'rer': 7.844801825008656, 'mse': 4.638173904660444, 'mae': 1.7455710162287172, 'mape': 10.624515606980284}, ood loss: 0.9393215745687484, ood perf: {'r2': 0.05582983539081543, 'rmse': 2.27948273710528, 'rpd': 1.0291409601485617, 'rer': 7.4410166970779885, 'mse': 5.196041548760979, 'mae': 1.8119552931471774, 'mape': 10.98411390297714}
2025-06-19 18:38:10,659 - main.py[line:273] - INFO: 
 Epoch 9 train loss: 0.7806772414980263, train perf: {'r2': 0.21764887797652677, 'rmse': 2.0744155048870265, 'rpd': 1.1305743942046644, 'rer': 8.184650046773854, 'mse': 4.303199686915698, 'mae': 1.701866493712367, 'mape': 10.318826608355188}, test loss: 0.8267164468765259, test perf: {'r2': 0.1789845765901682, 'rmse': 2.1268246273924643, 'rpd': 1.103632146602271, 'rer': 7.943717854388625, 'mse': 4.523382995683094, 'mae': 1.7178831162660018, 'mape': 10.464356363815503}, ood loss: 0.938282099366188, ood perf: {'r2': 0.06169172691061875, 'rmse': 2.2723956222406763, 'rpd': 1.0323506302099963, 'rer': 7.464223633196633, 'mse': 5.163781863978589, 'mae': 1.8028411735118297, 'mape': 10.903507929158112}
2025-06-19 18:38:10,664 - main.py[line:299] - INFO: 
 Best result: {'mse': [9, 4.523382995683094, 4.303199686915698, 4.523382995683094, 5.163781863978589]}
2025-06-19 18:38:13,033 - main.py[line:359] - INFO: 
 Results: {'train': {'r2': {'mean': 0.22464509381031922, 'std': 0.009206173019622281}, 'rmse': {'mean': 2.0650828474325746, 'std': 0.012285432558168535}, 'rpd': {'mean': 1.1357241213594558, 'std': 0.006784479273335349}, 'rer': {'mean': 8.221930843875214, 'std': 0.049115377887983744}, 'mse': {'mean': 4.264718098613371, 'std': 0.05063711131808402}, 'mae': {'mean': 1.6866725793852237, 'std': 0.014240052517245434}, 'mape': {'mean': 10.14604857129693, 'std': 0.11999267927779816}}, 'test': {'r2': {'mean': 0.1917237277982978, 'std': 0.01055778699938864}, 'rmse': {'mean': 2.1102147852888113, 'std': 0.013792208244847965}, 'rpd': {'mean': 1.1123666005009674, 'std': 0.007280860444394131}, 'rer': {'mean': 8.006586662258185, 'std': 0.05240614029367264}, 'mse': {'mean': 4.453196665059772, 'std': 0.0581681084464103}, 'mae': {'mean': 1.6948253181965454, 'std': 0.017048625111269436}, 'mape': {'mean': 10.239791397370485, 'std': 0.14259058679468145}}, 'ood': {'r2': {'mean': 0.05582956400982822, 'std': 0.00836165049433142}, 'rmse': {'mean': 2.279460781126826, 'std': 0.010079164337195502}, 'rpd': {'mean': 1.0291709371597335, 'std': 0.0045376601419223166}, 'rer': {'mean': 7.441233440409853, 'std': 0.03280872707353413}, 'mse': {'mean': 5.196043042249056, 'std': 0.04601658155841848}, 'mae': {'mean': 1.801834688427743, 'std': 0.012416398887456298}, 'mape': {'mean': 10.854920783512679, 'std': 0.10914306074044113}}}
