2025-06-19 16:37:11,727 - ./NIROOD/utils/util.py[line:223] - INFO: 
 +--------------+-------------------------------------+
| Parameter    | Value                               |
+--------------+-------------------------------------+
| device       | 1                                   |
+--------------+-------------------------------------+
| root         | ./NIROOD/datasets    |
+--------------+-------------------------------------+
| check_point  | ./NIROOD/check_point |
+--------------+-------------------------------------+
| seed         | [2022, 2024, 2025, 2027]            |
+--------------+-------------------------------------+
| dataset      | Chunjian_size                       |
+--------------+-------------------------------------+
| label        | brix                                |
+--------------+-------------------------------------+
| taskMode     | regression                          |
+--------------+-------------------------------------+
| log_dir      | ./NIROOD/logs        |
+--------------+-------------------------------------+
| metric       | mse                                 |
+--------------+-------------------------------------+
| save_model   | False                               |
+--------------+-------------------------------------+
| drop_early   | 0                                   |
+--------------+-------------------------------------+
| batch_size   | 64                                  |
+--------------+-------------------------------------+
| epochs       | 10                                  |
+--------------+-------------------------------------+
| lr           | 0.000                               |
+--------------+-------------------------------------+
| model        | ours                                |
+--------------+-------------------------------------+
| bidirection  | False                               |
+--------------+-------------------------------------+
| num_envs     | 1                                   |
+--------------+-------------------------------------+
| irm_opt      | eiil                                |
+--------------+-------------------------------------+
| threshold    | 0.010                               |
+--------------+-------------------------------------+
| window_size  | 4                                   |
+--------------+-------------------------------------+
| rate         | 0.500                               |
+--------------+-------------------------------------+
| batch_rate   | 0.300                               |
+--------------+-------------------------------------+
| spec_coe     | 1                                   |
+--------------+-------------------------------------+
| Odcnn_coe    | 1                                   |
+--------------+-------------------------------------+
| invMode_coe  | 1                                   |
+--------------+-------------------------------------+
| invCont_coe  | 1                                   |
+--------------+-------------------------------------+
| drop_rate    | 0.500                               |
+--------------+-------------------------------------+
| current_time | 2.025e+13                           |
+--------------+-------------------------------------+
2025-06-19 16:37:13,436 - main.py[line:271] - INFO: 
 Epoch 0 train loss: 1.0391714870929718, train perf: {'r2': 0.0065043367306153455, 'rmse': 1.3716890983451797, 'rpd': 1.0032681197484137, 'rer': 8.328918036676331, 'mse': 1.8815309825190123, 'mae': 1.09211158284954, 'mape': 9.797209761713244}, test loss: 0.9267339706420898, test perf: {'r2': -0.14071420864290407, 'rmse': 1.3066915841206441, 'rpd': 0.9362925644157472, 'rer': 9.06328814351375, 'mse': 1.7074428960117183, 'mae': 1.106491444157619, 'mape': 9.245476181706689}, ood loss: 0.9977075656255087, ood perf: {'r2': -0.001049291985245615, 'rmse': 1.3580735880527428, 'rpd': 0.9994757665268081, 'rer': 8.474013083687383, 'mse': 1.8443638705664507, 'mae': 1.0689338956560408, 'mape': 9.198469498199799}
2025-06-19 16:37:13,593 - main.py[line:271] - INFO: 
 Epoch 1 train loss: 1.055359661579132, train perf: {'r2': 0.019508908071305453, 'rmse': 1.3626820191398625, 'rpd': 1.0098995387381846, 'rer': 8.383970663332615, 'mse': 1.8569022852870924, 'mae': 1.086074487835753, 'mape': 9.741586050409769}, test loss: 0.9190433025360107, test perf: {'r2': -0.1312479020275532, 'rmse': 1.3012584473471318, 'rpd': 0.9402018612759243, 'rer': 9.101130037414114, 'mse': 1.6932735467922684, 'mae': 1.1055019977045994, 'mape': 9.249119040144958}, ood loss: 0.9980595509211222, ood perf: {'r2': 0.01919865494977735, 'rmse': 1.344268735440539, 'rpd': 1.00973979728391, 'rer': 8.561036235063327, 'mse': 1.8070584330829054, 'mae': 1.0562929312388103, 'mape': 9.093127135011917}
2025-06-19 16:37:13,742 - main.py[line:271] - INFO: 
 Epoch 2 train loss: 0.9848285466432571, train perf: {'r2': 0.04561013865046337, 'rmse': 1.344421991128636, 'rpd': 1.0236160607733555, 'rer': 8.497842304951059, 'mse': 1.8074704902302858, 'mae': 1.073068712271896, 'mape': 9.659430937358811}, test loss: 0.8857235312461853, test perf: {'r2': -0.09023471515504555, 'rmse': 1.2774522388026501, 'rpd': 0.957723175109484, 'rer': 9.27073590844394, 'mse': 1.6318842224219028, 'mae': 1.084624028673359, 'mape': 9.108691118784511}, ood loss: 0.9591507116953532, ood perf: {'r2': 0.045318305765314815, 'rmse': 1.3262483887120895, 'rpd': 1.023459596235176, 'rer': 8.677358971153868, 'mse': 1.7589347885614135, 'mae': 1.0472736869539534, 'mape': 9.053861463179778}
2025-06-19 16:37:13,893 - main.py[line:271] - INFO: 
 Epoch 3 train loss: 0.9687664806842804, train perf: {'r2': 0.07992249803706675, 'rmse': 1.3200333538675646, 'rpd': 1.042528159265158, 'rer': 8.65484651463259, 'mse': 1.742488055322851, 'mae': 1.0510882209329044, 'mape': 9.516780951481492}, test loss: 0.8459228873252869, test perf: {'r2': -0.04124424232327817, 'rmse': 1.2484207397732492, 'rpd': 0.9799946245838622, 'rer': 9.486322971325247, 'mse': 1.5585543434959868, 'mae': 1.068583469764859, 'mape': 9.027045056040663}, ood loss: 0.9558782974878947, ood perf: {'r2': 0.07191800025900774, 'rmse': 1.3076416546083902, 'rpd': 1.0380226384156657, 'rer': 8.800831109357482, 'mse': 1.7099266968669684, 'mae': 1.038451109613691, 'mape': 9.021790416233914}
2025-06-19 16:37:14,044 - main.py[line:271] - INFO: 
 Epoch 4 train loss: 0.8848532289266586, train perf: {'r2': 0.11459664075394893, 'rmse': 1.2949210235914679, 'rpd': 1.0627458489779924, 'rer': 8.822689464283354, 'mse': 1.676820457339175, 'mae': 1.0316150562435973, 'mape': 9.360022574545463}, test loss: 0.7796397805213928, test perf: {'r2': 0.040343396552522504, 'rmse': 1.1985125787902424, 'rpd': 1.020803315582818, 'rer': 9.881350059374322, 'mse': 1.436432401518437, 'mae': 1.026855842739928, 'mape': 8.696766236668338}, ood loss: 0.9622689684232076, ood perf: {'r2': 0.08469316270368932, 'rmse': 1.298610544530813, 'rpd': 1.0452415053423438, 'rer': 8.862035967779057, 'mse': 1.6863893463666142, 'mae': 1.0375980819974626, 'mape': 9.037018584896844}
2025-06-19 16:37:14,199 - main.py[line:271] - INFO: 
 Epoch 5 train loss: 0.8252621591091156, train perf: {'r2': 0.13483443459364552, 'rmse': 1.2800363773548507, 'rpd': 1.0751037758942252, 'rer': 8.925282338872403, 'mse': 1.6384931273517298, 'mae': 1.022324753742592, 'mape': 9.361571635125445}, test loss: 0.7586202025413513, test perf: {'r2': 0.06621632327621652, 'rmse': 1.1822458749309253, 'rpd': 1.0348487062966278, 'rer': 10.01730908325798, 'mse': 1.397705308791189, 'mae': 0.995646084056181, 'mape': 8.509592578344822}, ood loss: 0.9154232939084371, ood perf: {'r2': 0.08908915316851584, 'rmse': 1.2954883399383905, 'rpd': 1.0477606000555588, 'rer': 8.883394005936413, 'mse': 1.6782900389163269, 'mae': 1.0416719970248995, 'mape': 9.141324433407021}
2025-06-19 16:37:14,348 - main.py[line:271] - INFO: 
 Epoch 6 train loss: 0.9425986558198929, train perf: {'r2': 0.1577530138689851, 'rmse': 1.2629682474116193, 'rpd': 1.089633049284137, 'rer': 9.045901268961984, 'mse': 1.5950887939699772, 'mae': 1.009372075398763, 'mape': 9.251410369670513}, test loss: 0.726466715335846, test perf: {'r2': 0.10579411016446116, 'rmse': 1.15692027324063, 'rpd': 1.0575020962938266, 'rer': 10.236593320658839, 'mse': 1.338464518635174, 'mae': 0.9815912059709138, 'mape': 8.383495434520073}, ood loss: 0.893462061882019, ood perf: {'r2': 0.10674760003229089, 'rmse': 1.2828700540826417, 'rpd': 1.0580663537192423, 'rer': 8.970770903214062, 'mse': 1.645755575662, 'mae': 1.0366222461064656, 'mape': 9.1076222076691}
2025-06-19 16:37:14,497 - main.py[line:271] - INFO: 
 Epoch 7 train loss: 0.7745505422353745, train perf: {'r2': 0.19428410932182683, 'rmse': 1.2352750331420208, 'rpd': 1.1140611650474, 'rer': 9.248698278034372, 'mse': 1.5259044075040207, 'mae': 0.9826865055981804, 'mape': 9.00033141315581}, test loss: 0.7114583253860474, test perf: {'r2': 0.12426792996050207, 'rmse': 1.1449072237542903, 'rpd': 1.0685980390489331, 'rer': 10.34400176352757, 'mse': 1.3108125510047566, 'mae': 0.9666773665185068, 'mape': 8.271549362031145}, ood loss: 0.8871184388796488, ood perf: {'r2': 0.12789644886181106, 'rmse': 1.2675923196910834, 'rpd': 1.0708187635198212, 'rer': 9.078891671238456, 'mse': 1.6067902889398218, 'mae': 1.0251675560360862, 'mape': 8.999026707558151}
2025-06-19 16:37:14,651 - main.py[line:271] - INFO: 
 Epoch 8 train loss: 0.8233062624931335, train perf: {'r2': 0.23611859104036714, 'rmse': 1.202778536189891, 'rpd': 1.144160708866274, 'rer': 9.498578273694573, 'mse': 1.4466762071190973, 'mae': 0.9563892729142133, 'mape': 8.7828091732169}, test loss: 0.6876574158668518, test perf: {'r2': 0.15356439137063904, 'rmse': 1.1255936415628016, 'rpd': 1.0869336579568194, 'rer': 10.521490086908123, 'mse': 1.2669610459266087, 'mae': 0.9570371029423732, 'mape': 8.211949684904965}, ood loss: 0.832597037156423, ood perf: {'r2': 0.15843695688621895, 'rmse': 1.245199390345709, 'rpd': 1.0900757348122205, 'rer': 9.242161089216493, 'mse': 1.5505215217173254, 'mae': 1.0078554777871995, 'mape': 8.865798670465404}
2025-06-19 16:37:14,804 - main.py[line:271] - INFO: 
 Epoch 9 train loss: 0.7104328274726868, train perf: {'r2': 0.27471914742454673, 'rmse': 1.171995125284977, 'rpd': 1.1742130260495254, 'rer': 9.748066203894394, 'mse': 1.3735725736917488, 'mae': 0.9279126279494342, 'mape': 8.456487431664705}, test loss: 0.666551947593689, test perf: {'r2': 0.17954310674354323, 'rmse': 1.1081857275390075, 'rpd': 1.1040077342574581, 'rer': 10.686766710026022, 'mse': 1.2280756067211591, 'mae': 0.9510647455851237, 'mape': 8.098528417616697}, ood loss: 0.8142491777737936, ood perf: {'r2': 0.17509034805142, 'rmse': 1.2328174251931028, 'rpd': 1.1010240548848642, 'rer': 9.33498595866018, 'mse': 1.5198388038597517, 'mae': 0.9939804190681094, 'mape': 8.667663714625519}
2025-06-19 16:37:14,806 - main.py[line:297] - INFO: 
 Best result: {'mse': [9, 1.2280756067211591, 1.3735725736917488, 1.2280756067211591, 1.5198388038597517]}
2025-06-19 16:37:17,580 - main.py[line:271] - INFO: 
 Epoch 0 train loss: 0.8929760381579399, train perf: {'r2': 0.00835056821806257, 'rmse': 1.3704139879849508, 'rpd': 1.0042016169140837, 'rer': 8.336667731127188, 'mse': 1.8780344984648167, 'mae': 1.097169329138363, 'mape': 9.96208409671404}, test loss: 0.864927351474762, test perf: {'r2': -0.06463680805157002, 'rmse': 1.2623663431566017, 'rpd': 0.9691684357945682, 'rer': 9.381525739965543, 'mse': 1.593568784334571, 'mae': 1.0743707956052293, 'mape': 9.081807227553623}, ood loss: 1.039366642634074, ood perf: {'r2': 0.009329932425558018, 'rmse': 1.351014755533868, 'rpd': 1.0046978649633265, 'rer': 8.51828842477858, 'mse': 1.8252408696702376, 'mae': 1.0772288072676885, 'mape': 9.385696118645539}
2025-06-19 16:37:17,753 - main.py[line:271] - INFO: 
 Epoch 1 train loss: 1.0235520899295807, train perf: {'r2': 0.02857280258026562, 'rmse': 1.3563689158122199, 'rpd': 1.0146000299277627, 'rer': 8.422993139059175, 'mse': 1.8397366357816165, 'mae': 1.0842978767320222, 'mape': 9.819244041766412}, test loss: 0.8638163208961487, test perf: {'r2': -0.06326928930837106, 'rmse': 1.2615553321448842, 'rpd': 0.9697914812160495, 'rer': 9.387556803754784, 'mse': 1.591521856063189, 'mae': 1.0751152225569183, 'mape': 9.076173813679517}, ood loss: 0.953106145064036, ood perf: {'r2': 0.023536126713102234, 'rmse': 1.3412930113440076, 'rpd': 1.01197995437158, 'rer': 8.580029312340626, 'mse': 1.799066942280276, 'mae': 1.0654766843432473, 'mape': 9.260688110902537}
2025-06-19 16:37:17,928 - main.py[line:271] - INFO: 
 Epoch 2 train loss: 0.9322350174188614, train perf: {'r2': 0.045702503142999173, 'rmse': 1.3443569339310724, 'rpd': 1.023665596421675, 'rer': 8.498253539342569, 'mse': 1.8072955658085537, 'mae': 1.0725896872726142, 'mape': 9.679393996551884}, test loss: 0.8650927543640137, test perf: {'r2': -0.06484039243225759, 'rmse': 1.2624870349189645, 'rpd': 0.9690757848260377, 'rer': 9.38062888095322, 'mse': 1.593873513338479, 'mae': 1.0753548566032858, 'mape': 9.056510114701586}, ood loss: 0.9738831520080566, ood perf: {'r2': 0.050075796655727145, 'rmse': 1.3229396969086848, 'rpd': 1.026019283864999, 'rer': 8.69906117464065, 'mse': 1.750169441656843, 'mae': 1.0463461648850214, 'mape': 9.063304965173167}
2025-06-19 16:37:18,083 - main.py[line:271] - INFO: 
 Epoch 3 train loss: 0.8644105717539787, train perf: {'r2': 0.06727036685602994, 'rmse': 1.3290783588768909, 'rpd': 1.0354332634977745, 'rer': 8.595946202580295, 'mse': 1.7664492840348893, 'mae': 1.0572804563185747, 'mape': 9.55022451013462}, test loss: 0.8556159734725952, test perf: {'r2': -0.05317527718827986, 'rmse': 1.2555528444516246, 'rpd': 0.9744278144908707, 'rer': 9.432436391605922, 'mse': 1.5764129452105657, 'mae': 1.0734231799256568, 'mape': 9.043750636860802}, ood loss: 0.9551459948221842, ood perf: {'r2': 0.043702573663724875, 'rmse': 1.3273702056561891, 'rpd': 1.0225946270564452, 'rer': 8.670025366495276, 'mse': 1.7619116628637541, 'mae': 1.0521794273739768, 'mape': 9.11155868497373}
2025-06-19 16:37:18,240 - main.py[line:271] - INFO: 
 Epoch 4 train loss: 0.9095805883407593, train perf: {'r2': 0.08572131961823659, 'rmse': 1.3158669999739077, 'rpd': 1.0458290561306374, 'rer': 8.682249856669404, 'mse': 1.731505961620332, 'mae': 1.0453337688072055, 'mape': 9.427389423973144}, test loss: 0.8492650389671326, test perf: {'r2': -0.04535792170194064, 'rmse': 1.2508843981970892, 'rpd': 0.9780644925783355, 'rer': 9.46763934273954, 'mse': 1.5647117776528938, 'mae': 1.0704249587713504, 'mape': 9.01068051491026}, ood loss: 0.9354842305183411, ood perf: {'r2': 0.06787084910681129, 'rmse': 1.310489714604888, 'rpd': 1.0357667254397884, 'rer': 8.78170444644731, 'mse': 1.7173832920852008, 'mae': 1.0365431649344308, 'mape': 8.96755287376611}
2025-06-19 16:37:18,384 - main.py[line:271] - INFO: 
 Epoch 5 train loss: 0.9602366238832474, train perf: {'r2': 0.12173904253265544, 'rmse': 1.289687491345692, 'rpd': 1.067058455486944, 'rer': 8.858491804087096, 'mse': 1.663293825333544, 'mae': 1.02030143550798, 'mape': 9.179541648052439}, test loss: 0.8473867177963257, test perf: {'r2': -0.043046040050185974, 'rmse': 1.2495004237196967, 'rpd': 0.9791478185774919, 'rer': 9.47812591078127, 'mse': 1.5612513088757016, 'mae': 1.0603661630667893, 'mape': 8.92299565647133}, ood loss: 0.9240180850028992, ood perf: {'r2': 0.09680444494692109, 'rmse': 1.2899903678242466, 'rpd': 1.0522261826715904, 'rer': 8.921255259587452, 'mse': 1.664075149079335, 'mae': 1.0185441289629256, 'mape': 8.791644130788228}
2025-06-19 16:37:18,528 - main.py[line:271] - INFO: 
 Epoch 6 train loss: 0.8145851790904999, train perf: {'r2': 0.17473859556328952, 'rmse': 1.2501682540373646, 'rpd': 1.100789384254381, 'rer': 9.138518783390898, 'mse': 1.5629206634028325, 'mae': 0.9926585216148227, 'mape': 8.925074821886094}, test loss: 0.8385598063468933, test perf: {'r2': -0.03218105655683634, 'rmse': 1.2429756205539078, 'rpd': 0.9842876995862462, 'rer': 9.527879827853958, 'mse': 1.5449883932913722, 'mae': 1.0530785953297335, 'mape': 8.857314958761494}, ood loss: 0.9176360567410787, ood perf: {'r2': 0.09652297871970361, 'rmse': 1.290191354441529, 'rpd': 1.052062266380923, 'rer': 8.919865502238384, 'mse': 1.6645937310756673, 'mae': 1.0230442058472407, 'mape': 8.832734150392769}
2025-06-19 16:37:18,670 - main.py[line:271] - INFO: 
 Epoch 7 train loss: 0.7208902090787888, train perf: {'r2': 0.20616710276442007, 'rmse': 1.2261320523069983, 'rpd': 1.1223684594060348, 'rer': 9.317663664711828, 'mse': 1.5033998096945715, 'mae': 0.9753417080523921, 'mape': 8.798011845838486}, test loss: 0.8058424592018127, test perf: {'r2': 0.008090741718049799, 'rmse': 1.218486271398661, 'rpd': 1.0040700850838797, 'rer': 9.719372814923656, 'mse': 1.4847087935870114, 'mae': 1.0254651611926509, 'mape': 8.659374127351803}, ood loss: 0.8843902945518494, ood perf: {'r2': 0.12236160745560043, 'rmse': 1.2716083714097715, 'rpd': 1.0674368547243722, 'rer': 9.050218300317159, 'mse': 1.6169878502394113, 'mae': 1.0085091023218065, 'mape': 8.728470755477376}
2025-06-19 16:37:18,824 - main.py[line:271] - INFO: 
 Epoch 8 train loss: 0.7822508364915848, train perf: {'r2': 0.22352209539866452, 'rmse': 1.212654967626246, 'rpd': 1.1348421268334896, 'rer': 9.421217392349543, 'mse': 1.4705320705086118, 'mae': 0.967685764911128, 'mape': 8.690882892677083}, test loss: 0.7870697379112244, test perf: {'r2': 0.031197933919546617, 'rmse': 1.204209909157951, 'rpd': 1.0159737142939576, 'rer': 9.834599642076562, 'mse': 1.4501215053142005, 'mae': 1.0118385576734357, 'mape': 8.53700888406606}, ood loss: 0.8806437651316324, ood perf: {'r2': 0.1353019989130564, 'rmse': 1.262198905381451, 'rpd': 1.0753944046628827, 'rer': 9.117686051463703, 'mse': 1.5931460767461334, 'mae': 0.9951443274815878, 'mape': 8.57836961013201}
2025-06-19 16:37:18,964 - main.py[line:271] - INFO: 
 Epoch 9 train loss: 0.7428587302565575, train perf: {'r2': 0.2583502918526751, 'rmse': 1.1851467073639976, 'rpd': 1.1611827751157036, 'rer': 9.639891838648598, 'mse': 1.404572717975725, 'mae': 0.9503196407766903, 'mape': 8.566339792667566}, test loss: 0.740268886089325, test perf: {'r2': 0.08880510702915634, 'rmse': 1.1678587175778299, 'rpd': 1.04759727849123, 'rer': 10.140714936950909, 'mse': 1.3638939842225335, 'mae': 0.977832177106072, 'mape': 8.28446107333266}, ood loss: 0.8110110362370809, ood perf: {'r2': 0.1655498823364563, 'rmse': 1.2399259857142855, 'rpd': 1.0947118263973563, 'rer': 9.28146799596235, 'mse': 1.5374164500495422, 'mae': 0.9915328934079125, 'mape': 8.585354235892034}
2025-06-19 16:37:18,966 - main.py[line:297] - INFO: 
 Best result: {'mse': [9, 1.3638939842225335, 1.404572717975725, 1.3638939842225335, 1.5374164500495422]}
2025-06-19 16:37:21,812 - main.py[line:271] - INFO: 
 Epoch 0 train loss: 1.166189655661583, train perf: {'r2': -0.0019286306073338366, 'rmse': 1.3774983670032463, 'rpd': 0.9990370773143153, 'rer': 8.293792824432826, 'mse': 1.8975017510966101, 'mae': 1.1048246318218755, 'mape': 10.091677363594048}, test loss: 0.8394855260848999, test perf: {'r2': -0.033320519061174725, 'rmse': 1.243661514485507, 'rpd': 0.9837448533598169, 'rer': 9.52262509022735, 'mse': 1.5466939626123848, 'mae': 1.0568959853228401, 'mape': 8.978307137330017}, ood loss: 1.0158289074897766, ood perf: {'r2': 0.004811389367055385, 'rmse': 1.3540923054843885, 'rpd': 1.0024144106876598, 'rer': 8.498928254121072, 'mse': 1.8335659717720265, 'mae': 1.08859688327426, 'mape': 9.539383883735185}
2025-06-19 16:37:21,959 - main.py[line:271] - INFO: 
 Epoch 1 train loss: 0.8905154094099998, train perf: {'r2': 0.014049336312688676, 'rmse': 1.366470596456177, 'rpd': 1.0070995644876282, 'rer': 8.360725874049828, 'mse': 1.8672418909792998, 'mae': 1.095778231527291, 'mape': 9.996925486664574}, test loss: 0.8253050446510315, test perf: {'r2': -0.015865768885744425, 'rmse': 1.2331128731493224, 'rpd': 0.9921602805687693, 'rer': 9.604086210975536, 'mse': 1.5205673579265766, 'mae': 1.0507208880256205, 'mape': 8.920912694464942}, ood loss: 0.9970515569051107, ood perf: {'r2': 0.016532289750764706, 'rmse': 1.3460947314276765, 'rpd': 1.0083700713836101, 'rer': 8.549423071854237, 'mse': 1.8119710259773487, 'mae': 1.0806708279110135, 'mape': 9.45520539770364}
2025-06-19 16:37:22,106 - main.py[line:271] - INFO: 
 Epoch 2 train loss: 1.0514850318431854, train perf: {'r2': 0.037217951177218156, 'rmse': 1.3503199724113926, 'rpd': 1.0191450698300837, 'rer': 8.460725091340633, 'mse': 1.8233640278931043, 'mae': 1.0834817699357575, 'mape': 9.89576369564836}, test loss: 0.801672637462616, test perf: {'r2': 0.013223382089291191, 'rmse': 1.2153296503755742, 'rpd': 1.0066779937597266, 'rer': 9.744617304391452, 'mse': 1.4770261590820155, 'mae': 1.0354911205815334, 'mape': 8.808847840788356}, ood loss: 0.9695784449577332, ood perf: {'r2': 0.024361540366761414, 'rmse': 1.3407259879961417, 'rpd': 1.012407943585512, 'rer': 8.583658000819128, 'mse': 1.7975461748882307, 'mae': 1.0774094717843192, 'mape': 9.438849306401579}
2025-06-19 16:37:22,251 - main.py[line:271] - INFO: 
 Epoch 3 train loss: 0.9433798938989639, train perf: {'r2': 0.07655516980679544, 'rmse': 1.3224466973191, 'rpd': 1.040625641370634, 'rer': 8.639052216682831, 'mse': 1.7488652672501954, 'mae': 1.0551036152185178, 'mape': 9.62263935036513}, test loss: 0.7891607284545898, test perf: {'r2': 0.028624154621129994, 'rmse': 1.205808437319017, 'rpd': 1.0146268481227334, 'rer': 9.821562011890773, 'mse': 1.4539739875097297, 'mae': 1.031367956423292, 'mape': 8.764879963226862}, ood loss: 0.9376661578814188, ood perf: {'r2': 0.05215785281004093, 'rmse': 1.321489083435644, 'rpd': 1.0271455568062062, 'rer': 8.708610232215863, 'mse': 1.7463333976395785, 'mae': 1.0583674340021043, 'mape': 9.25043067262081}
2025-06-19 16:37:22,392 - main.py[line:271] - INFO: 
 Epoch 4 train loss: 1.0030591785907745, train perf: {'r2': 0.11518302695330873, 'rmse': 1.2944921515001617, 'rpd': 1.0630979422944717, 'rer': 8.825612467931624, 'mse': 1.6757099302955178, 'mae': 1.0346167742037307, 'mape': 9.43382896267762}, test loss: 0.7530267834663391, test perf: {'r2': 0.07310123012380332, 'rmse': 1.1778793861138237, 'rpd': 1.0386849694630496, 'rer': 10.054444012865506, 'mse': 1.3873998482318783, 'mae': 1.0029104644177007, 'mape': 8.525972671402156}, ood loss: 0.9172070225079855, ood perf: {'r2': 0.08977872039513457, 'rmse': 1.294997899280717, 'rpd': 1.0481574071840192, 'rer': 8.886758318419904, 'mse': 1.6770195591414698, 'mae': 1.0390805233092535, 'mape': 9.077167886142645}
2025-06-19 16:37:22,534 - main.py[line:271] - INFO: 
 Epoch 5 train loss: 0.8075893372297287, train perf: {'r2': 0.15275039578209704, 'rmse': 1.2667134633805097, 'rpd': 1.0864113963891575, 'rer': 9.0191557934737, 'mse': 1.6045629983094458, 'mae': 1.0083539859921324, 'mape': 9.205268567351869}, test loss: 0.7469784617424011, test perf: {'r2': 0.08054623380894932, 'rmse': 1.1731393881327785, 'rpd': 1.0428817125849672, 'rer': 10.095068379248234, 'mse': 1.3762560239885502, 'mae': 1.0009027929867016, 'mape': 8.513373723310414}, ood loss: 0.87684166431427, ood perf: {'r2': 0.10930201605883916, 'rmse': 1.2810344419066613, 'rpd': 1.0595824718019002, 'rer': 8.983625246359873, 'mse': 1.6410492413511109, 'mae': 1.0325863985788255, 'mape': 9.02896692152394}
2025-06-19 16:37:22,675 - main.py[line:271] - INFO: 
 Epoch 6 train loss: 0.8769428879022598, train perf: {'r2': 0.2033411424229281, 'rmse': 1.2283125630190534, 'rpd': 1.1203760215508098, 'rer': 9.30112287041897, 'mse': 1.5087517524704361, 'mae': 0.978227040346931, 'mape': 8.88303470187293}, test loss: 0.720116913318634, test perf: {'r2': 0.11361011405821142, 'rmse': 1.1518530176056319, 'rpd': 1.0621542814030052, 'rer': 10.28162635386226, 'mse': 1.3267653741672, 'mae': 0.977376750871247, 'mape': 8.286352334336435}, ood loss: 0.8939312100410461, ood perf: {'r2': 0.1284783985338308, 'rmse': 1.2671693205894456, 'rpd': 1.0711762180190945, 'rer': 9.081922334117047, 'mse': 1.6057180870431174, 'mae': 1.013821147737049, 'mape': 8.829813706692887}
2025-06-19 16:37:22,831 - main.py[line:271] - INFO: 
 Epoch 7 train loss: 0.7872876226902008, train perf: {'r2': 0.23432888607097901, 'rmse': 1.2041867124625691, 'rpd': 1.1428227270187075, 'rer': 9.487470633649417, 'mse': 1.4500656384714103, 'mae': 0.9597576272253897, 'mape': 8.735448064697158}, test loss: 0.6823039650917053, test perf: {'r2': 0.16015396996976805, 'rmse': 1.1212036560550884, 'rpd': 1.0911894619586227, 'rer': 10.562686161101807, 'mse': 1.257097638351297, 'mae': 0.9512230929206399, 'mape': 8.091401331051792}, ood loss: 0.8502530455589294, ood perf: {'r2': 0.15876031291072423, 'rmse': 1.2449601442117268, 'rpd': 1.090285216542631, 'rer': 9.243937171222424, 'mse': 1.5499257606756838, 'mae': 0.9997693924676805, 'mape': 8.72787285829929}
2025-06-19 16:37:22,975 - main.py[line:271] - INFO: 
 Epoch 8 train loss: 0.7901460081338882, train perf: {'r2': 0.27940293716200915, 'rmse': 1.1682046833375264, 'rpd': 1.1780229631030776, 'rer': 9.779695489046892, 'mse': 1.36470218217173, 'mae': 0.9234898417603736, 'mape': 8.336336984833261}, test loss: 0.6884366273880005, test perf: {'r2': 0.1526052739936109, 'rmse': 1.1262311801773581, 'rpd': 1.0863183649418455, 'rer': 10.515534066216155, 'mse': 1.268396671203685, 'mae': 0.9506127600576363, 'mape': 8.042693077016537}, ood loss: 0.8257341782251993, ood perf: {'r2': 0.19634777727844877, 'rmse': 1.216829267107, 'rpd': 1.1154906256043151, 'rer': 9.45764016765488, 'mse': 1.480673465288159, 'mae': 0.9671027660369873, 'mape': 8.379544632679874}
2025-06-19 16:37:23,117 - main.py[line:271] - INFO: 
 Epoch 9 train loss: 0.7883560955524445, train perf: {'r2': 0.3269198882022729, 'rmse': 1.1290315503649868, 'rpd': 1.2188959131667172, 'rer': 10.119014006496235, 'mse': 1.2747122417195655, 'mae': 0.8951743116565779, 'mape': 8.14806557045077}, test loss: 0.6492100358009338, test perf: {'r2': 0.20088927684343139, 'rmse': 1.0936746545890192, 'rpd': 1.1186559083757308, 'rer': 10.828560661890956, 'mse': 1.1961242500904108, 'mae': 0.9141451143750957, 'mape': 7.802697787897675}, ood loss: 0.818980892499288, ood perf: {'r2': 0.20376265268751403, 'rmse': 1.2112027376825292, 'rpd': 1.1206725333332335, 'rer': 9.50157475352874, 'mse': 1.4670120717696538, 'mae': 0.9748305763517108, 'mape': 8.497362188428767}
2025-06-19 16:37:23,119 - main.py[line:297] - INFO: 
 Best result: {'mse': [9, 1.1961242500904108, 1.2747122417195655, 1.1961242500904108, 1.4670120717696538]}
2025-06-19 16:37:25,786 - main.py[line:271] - INFO: 
 Epoch 0 train loss: 1.1603348404169083, train perf: {'r2': 0.0006886740130452873, 'rmse': 1.3756979940359337, 'rpd': 1.0003445149606136, 'rer': 8.304646893030974, 'mse': 1.8925449707944921, 'mae': 1.102891907972448, 'mape': 10.046089990833433}, test loss: 0.8503255844116211, test perf: {'r2': -0.04666331404653312, 'rmse': 1.251665176450884, 'rpd': 0.9774543841396083, 'rer': 9.461733508613401, 'mse': 1.5666657139398226, 'mae': 1.0624328314089309, 'mape': 9.000789215725614}, ood loss: 0.9773236314455668, ood perf: {'r2': 0.0036538066321489815, 'rmse': 1.354879602640521, 'rpd': 1.0018319249721301, 'rer': 8.493989673577381, 'mse': 1.8356987376513363, 'mae': 1.0851672944568453, 'mape': 9.483133626620372}
2025-06-19 16:37:25,929 - main.py[line:271] - INFO: 
 Epoch 1 train loss: 1.1191694736480713, train perf: {'r2': 0.01560834464441041, 'rmse': 1.3653898213599138, 'rpd': 1.0078967347255543, 'rer': 8.367343811411011, 'mse': 1.8642893642732574, 'mae': 1.0927566313276105, 'mape': 9.942911966369758}, test loss: 0.8476435542106628, test perf: {'r2': -0.043362186821289894, 'rmse': 1.2496897708725583, 'rpd': 0.978999462676692, 'rer': 9.476689829445327, 'mse': 1.5617245234235073, 'mae': 1.0647633309457816, 'mape': 9.01298166049345}, ood loss: 0.9573797384897867, ood perf: {'r2': 0.009452342122794888, 'rmse': 1.350931285556564, 'rpd': 1.0047599422198699, 'rer': 8.518814744176973, 'mse': 1.8250153382955108, 'mae': 1.0791041396913075, 'mape': 9.417715116790871}
2025-06-19 16:37:26,075 - main.py[line:271] - INFO: 
 Epoch 2 train loss: 0.9320104718208313, train perf: {'r2': 0.03788262566350653, 'rmse': 1.3498537826885777, 'rpd': 1.0194970449578387, 'rer': 8.46364711381131, 'mse': 1.822105234638662, 'mae': 1.0792081870284735, 'mape': 9.79067279879611}, test loss: 0.8507806062698364, test perf: {'r2': -0.04722347346785871, 'rmse': 1.2520000684107095, 'rpd': 0.9771929291903603, 'rer': 9.459202631373058, 'mse': 1.5675041713004212, 'mae': 1.0670618169447954, 'mape': 9.017015382324088}, ood loss: 1.0119870503743489, ood perf: {'r2': 0.028684673114450554, 'rmse': 1.337752257604939, 'rpd': 1.014658456154652, 'rer': 8.602738876608809, 'mse': 1.789581102727111, 'mae': 1.065884680975051, 'mape': 9.279179728918537}
2025-06-19 16:37:26,216 - main.py[line:271] - INFO: 
 Epoch 3 train loss: 0.9869202375411987, train perf: {'r2': 0.061572301042561395, 'rmse': 1.3331318620098263, 'rpd': 1.032284938791765, 'rer': 8.569809482083514, 'mse': 1.7772405615057867, 'mae': 1.0661680511399811, 'mape': 9.634783826984222}, test loss: 0.8649170994758606, test perf: {'r2': -0.06462405881881961, 'rmse': 1.262358784592786, 'rpd': 0.969174238836904, 'rer': 9.381581913267349, 'mse': 1.5935497010385755, 'mae': 1.0785915711346794, 'mape': 9.100295845955127}, ood loss: 0.9300113121668497, ood perf: {'r2': 0.05354779964334455, 'rmse': 1.3205197904725716, 'rpd': 1.0278995060975735, 'rer': 8.715002559447253, 'mse': 1.7437725170297242, 'mae': 1.04312344959804, 'mape': 9.043742229621213}
2025-06-19 16:37:26,360 - main.py[line:271] - INFO: 
 Epoch 4 train loss: 0.9786140024662018, train perf: {'r2': 0.08758893456478833, 'rmse': 1.3145223393000536, 'rpd': 1.0468988631330056, 'rer': 8.69113116632372, 'mse': 1.7279689805188854, 'mae': 1.049243029426126, 'mape': 9.481900530266891}, test loss: 0.8379388451576233, test perf: {'r2': -0.03141659485117154, 'rmse': 1.2425152443149003, 'rpd': 0.9846523974612301, 'rer': 9.531410093982226, 'mse': 1.5438441323549164, 'mae': 1.063007859622731, 'mape': 8.980996870679741}, ood loss: 0.919759730497996, ood perf: {'r2': 0.0801615935855835, 'rmse': 1.301821204343942, 'rpd': 1.042663643739676, 'rer': 8.840179677030903, 'mse': 1.6947384480795118, 'mae': 1.032741251445952, 'mape': 8.957242363655059}
2025-06-19 16:37:26,502 - main.py[line:271] - INFO: 
 Epoch 5 train loss: 0.9039044380187988, train perf: {'r2': 0.10280674048452021, 'rmse': 1.3035140009664856, 'rpd': 1.0557400546183682, 'rer': 8.764528853122153, 'mse': 1.6991487507156549, 'mae': 1.0397078897438796, 'mape': 9.38813959916379}, test loss: 0.8195304870605469, test perf: {'r2': -0.00875778227059909, 'rmse': 1.2287912708407986, 'rpd': 0.9956496625823619, 'rer': 9.63786333987084, 'mse': 1.509927987294545, 'mae': 1.051897030250699, 'mape': 8.887703567758882}, ood loss: 0.9576165278752645, ood perf: {'r2': 0.08542607986989126, 'rmse': 1.2980905197002128, 'rpd': 1.0456602369550494, 'rer': 8.865586166076461, 'mse': 1.6850389973355688, 'mae': 1.022686203320821, 'mape': 8.857353064621698}
2025-06-19 16:37:26,653 - main.py[line:271] - INFO: 
 Epoch 6 train loss: 1.1423656195402145, train perf: {'r2': 0.13604870933272528, 'rmse': 1.279137785420195, 'rpd': 1.0758590343135668, 'rer': 8.931552333251156, 'mse': 1.636193474089681, 'mae': 1.0159711744271072, 'mape': 9.187103266061198}, test loss: 0.8129720687866211, test perf: {'r2': -0.0006851036804054189, 'rmse': 1.223864635987269, 'rpd': 0.9996576240720133, 'rer': 9.676660304868085, 'mse': 1.4978446472202502, 'mae': 1.0493426603429459, 'mape': 8.872996668834798}, ood loss: 0.8939520120620728, ood perf: {'r2': 0.12220496099772948, 'rmse': 1.2717218487037008, 'rpd': 1.0673416060299836, 'rer': 9.049410738283655, 'mse': 1.6172764604703584, 'mae': 1.0038278784070696, 'mape': 8.706943698834364}
2025-06-19 16:37:26,802 - main.py[line:271] - INFO: 
 Epoch 7 train loss: 0.8610749691724777, train perf: {'r2': 0.17823489460258812, 'rmse': 1.2475172143942483, 'rpd': 1.1031286195472558, 'rer': 9.157938616075047, 'mse': 1.5562992002099851, 'mae': 0.9926053262224385, 'mape': 8.983739802291161}, test loss: 0.7726870179176331, test perf: {'r2': 0.048901630543992436, 'rmse': 1.1931564326654653, 'rpd': 1.025385758901423, 'rer': 9.925707993823746, 'mse': 1.4236222728109793, 'mae': 1.0187156714645087, 'mape': 8.642598383795853}, ood loss: 0.8529396851857504, ood perf: {'r2': 0.13505914010300757, 'rmse': 1.2623761433324077, 'rpd': 1.0752434189984599, 'rer': 9.116405925883257, 'mse': 1.5935935272548032, 'mae': 1.0043621630895705, 'mape': 8.729589785537188}
2025-06-19 16:37:26,948 - main.py[line:271] - INFO: 
 Epoch 8 train loss: 0.9506116211414337, train perf: {'r2': 0.21064884493489955, 'rmse': 1.2226659665668234, 'rpd': 1.1255502158454431, 'rer': 9.34407792833175, 'mse': 1.4949120658007842, 'mae': 0.9752812151815377, 'mape': 8.838209056501604}, test loss: 0.7448222637176514, test perf: {'r2': 0.08320035642333923, 'rmse': 1.1714449549071517, 'rpd': 1.0443901858741305, 'rer': 10.109670362213903, 'mse': 1.372283282377419, 'mae': 1.0044810725193398, 'mape': 8.5393941842119}, ood loss: 0.8422526717185974, ood perf: {'r2': 0.1613672722103312, 'rmse': 1.2430296130943481, 'rpd': 1.091978522571048, 'rer': 9.258293794884603, 'mse': 1.5451226190294847, 'mae': 0.9913680723735264, 'mape': 8.624836176302713}
2025-06-19 16:37:27,097 - main.py[line:271] - INFO: 
 Epoch 9 train loss: 0.7391222417354584, train perf: {'r2': 0.2514401170771766, 'rmse': 1.1906550915582161, 'rpd': 1.1558107400986815, 'rer': 9.595294349237543, 'mse': 1.4176595470535043, 'mae': 0.9469431194604612, 'mape': 8.572450861188305}, test loss: 0.7052898406982422, test perf: {'r2': 0.13186064569045575, 'rmse': 1.1399331684537424, 'rpd': 1.0732608262081984, 'rer': 10.389137424305423, 'mse': 1.299447628540988, 'mae': 0.9701161291085038, 'mape': 8.259808909222327}, ood loss: 0.7896593809127808, ood perf: {'r2': 0.1919157684860885, 'rmse': 1.2201799596813903, 'rpd': 1.1124274166683232, 'rer': 9.431668880034904, 'mse': 1.488839134008079, 'mae': 0.9730938048589797, 'mape': 8.460388738067506}
2025-06-19 16:37:27,099 - main.py[line:297] - INFO: 
 Best result: {'mse': [9, 1.299447628540988, 1.4176595470535043, 1.299447628540988, 1.488839134008079]}
2025-06-19 16:37:29,472 - main.py[line:357] - INFO: 
 Results: {'train': {'r2': {'mean': 0.2778573611391678, 'std': 0.0295608545339753}, 'rmse': {'mean': 1.1692071186430444, 'std': 0.02416575727275791}, 'rpd': {'mean': 1.1775256136076568, 'std': 0.024804732529406296}, 'rer': {'mean': 9.775566599569192, 'std': 0.20592360117145214}, 'mse': {'mean': 1.3676292701101358, 'std': 0.05598380116967967}, 'mae': {'mean': 0.9300874249607909, 'std': 0.021892420015388686}, 'mape': {'mean': 8.435835913992836, 'std': 0.17243343784692658}}, 'test': {'r2': {'mean': 0.15027453407664668, 'std': 0.04340525106007056}, 'rmse': {'mean': 1.1274130670398999, 'std': 0.028725313948839506}, 'rpd': {'mean': 1.0858804368331543, 'std': 0.027512202891197962}, 'rer': {'mean': 10.511294933293328, 'std': 0.2663174222913278}, 'mse': {'mean': 1.271885367393773, 'std': 0.06496981190432688}, 'mae': {'mean': 0.9532895415436988, 'std': 0.02461052064076904}, 'mape': {'mean': 8.111374047017339, 'std': 0.19198832655613637}}, 'ood': {'r2': {'mean': 0.1840796628903697, 'std': 0.014773161365392416}, 'rmse': {'mean': 1.226031527067827, 'std': 0.011104483666027627}, 'rpd': {'mean': 1.1072089578209443, 'std': 0.010036576812639636}, 'rer': {'mean': 9.387424397046543, 'std': 0.08509469271205261}, 'mse': {'mean': 1.5032766149217567, 'std': 0.027218524896353954}, 'mae': {'mean': 0.983359423421678, 'std': 0.009456946084163432}, 'mape': {'mean': 8.552692219253457, 'std': 0.08041547896563996}}}
