2025-06-26 20:47:36,963 - /data/home/wxl22/NIROOD/utils/util.py[line:223] - INFO: 
 +--------------+-------------------------------------+
| Parameter    | Value                               |
+--------------+-------------------------------------+
| device       | 1                                   |
+--------------+-------------------------------------+
| root         | /data/home/wxl22/NIROOD/datasets    |
+--------------+-------------------------------------+
| check_point  | /data/home/wxl22/NIROOD/check_point |
+--------------+-------------------------------------+
| seed         | [2022, 2024, 2025, 2027]            |
+--------------+-------------------------------------+
| dataset      | Chunjian_area                       |
+--------------+-------------------------------------+
| label        | brix                                |
+--------------+-------------------------------------+
| taskMode     | regression                          |
+--------------+-------------------------------------+
| log_dir      | /data/home/wxl22/NIROOD/logs        |
+--------------+-------------------------------------+
| metric       | mse                                 |
+--------------+-------------------------------------+
| save_model   | True                                |
+--------------+-------------------------------------+
| drop_early   | 0                                   |
+--------------+-------------------------------------+
| batch_size   | 64                                  |
+--------------+-------------------------------------+
| epochs       | 10                                  |
+--------------+-------------------------------------+
| lr           | 0.000                               |
+--------------+-------------------------------------+
| model        | ours                                |
+--------------+-------------------------------------+
| bidirection  | False                               |
+--------------+-------------------------------------+
| num_envs     | 1                                   |
+--------------+-------------------------------------+
| irm_opt      | eiil                                |
+--------------+-------------------------------------+
| threshold    | 0.050                               |
+--------------+-------------------------------------+
| window_size  | 2                                   |
+--------------+-------------------------------------+
| rate         | 0.750                               |
+--------------+-------------------------------------+
| batch_rate   | 0.100                               |
+--------------+-------------------------------------+
| spec_coe     | 1                                   |
+--------------+-------------------------------------+
| Odcnn_coe    | 1                                   |
+--------------+-------------------------------------+
| invMode_coe  | 1                                   |
+--------------+-------------------------------------+
| invCont_coe  | 1.600                               |
+--------------+-------------------------------------+
| drop_rate    | 0.400                               |
+--------------+-------------------------------------+
| current_time | 2.025e+13                           |
+--------------+-------------------------------------+
2025-06-26 20:47:38,621 - main.py[line:275] - INFO: 
 Epoch 0 train loss: 0.966388076543808, train perf: {'r2': 0.08577049411784665, 'rmse': 1.0560056731370042, 'rpd': 1.0458571822349951, 'rer': 10.731267342947636, 'mse': 1.1151479816975374, 'mae': 0.858429890052945, 'mape': 7.647523158561961}, test loss: 0.7010627388954163, test perf: {'r2': 0.08700574477853074, 'rmse': 0.8995052629753975, 'rpd': 1.046564447965515, 'rer': 12.499402027044102, 'mse': 0.809109718120439, 'mae': 0.7401915043592453, 'mape': 6.698736691648922}, ood loss: 0.9929177463054657, ood perf: {'r2': 0.051515561707859536, 'rmse': 1.0462618440126965, 'rpd': 1.0267977186389468, 'rer': 10.814140963532873, 'mse': 1.0946638462368479, 'mae': 0.8421968038265522, 'mape': 7.459730188956384}
2025-06-26 20:47:38,776 - main.py[line:275] - INFO: 
 Epoch 1 train loss: 0.8812574297189713, train perf: {'r2': 0.1662799108923929, 'rmse': 1.0084369905276418, 'rpd': 1.0951910016245714, 'rer': 11.23746877648073, 'mse': 1.016945163864447, 'mae': 0.8226975235284544, 'mape': 7.3545753996020204}, test loss: 0.631578803062439, test perf: {'r2': 0.17749472155770118, 'rmse': 0.8537663489489523, 'rpd': 1.1026321547421505, 'rer': 13.169033800890377, 'mse': 0.7289169785976242, 'mae': 0.7026363611221313, 'mape': 6.385961422714316}, ood loss: 0.9784559011459351, ood perf: {'r2': 0.0574732084790639, 'rmse': 1.0429707634025276, 'rpd': 1.0300377654177788, 'rer': 10.848264843980498, 'mse': 1.0877880133124511, 'mae': 0.8448442037288959, 'mape': 7.516408900656191}
2025-06-26 20:47:38,932 - main.py[line:275] - INFO: 
 Epoch 2 train loss: 0.8258253335952759, train perf: {'r2': 0.219315001532999, 'rmse': 0.9758353613435782, 'rpd': 1.131780176740676, 'rer': 11.612900744342497, 'mse': 0.9522546524485519, 'mae': 0.7979470832675111, 'mape': 7.220498049819628}, test loss: 0.6167221069335938, test perf: {'r2': 0.19684255714337462, 'rmse': 0.8436649960658017, 'rpd': 1.1158341680380661, 'rer': 13.326709013413424, 'mse': 0.7117706255867091, 'mae': 0.6937246471643448, 'mape': 6.373721806654078}, ood loss: 0.9903015494346619, ood perf: {'r2': 0.030355251176310327, 'rmse': 1.0578683099576303, 'rpd': 1.0155321455600104, 'rer': 10.695492963932635, 'mse': 1.119085361212613, 'mae': 0.8673862127157358, 'mape': 7.795149777620554}
2025-06-26 20:47:39,087 - main.py[line:275] - INFO: 
 Epoch 3 train loss: 0.8428280055522919, train perf: {'r2': 0.20260426075540205, 'rmse': 0.9862240520657796, 'rpd': 1.1198582263511585, 'rer': 11.490572725706272, 'mse': 0.9726378808730456, 'mae': 0.8037111431944604, 'mape': 7.372587636115707}, test loss: 0.647557258605957, test perf: {'r2': 0.1566859022147118, 'rmse': 0.8644987438694777, 'rpd': 1.0889434318600393, 'rer': 13.005545684250334, 'mse': 0.7473580781519047, 'mae': 0.7118072509765625, 'mape': 6.60884163448979}, ood loss: 1.0608115792274475, ood perf: {'r2': -0.05749888963742866, 'rmse': 1.1047531345577533, 'rpd': 0.9724337871747881, 'rer': 10.24158494055638, 'mse': 1.220479488315181, 'mae': 0.9151751903387216, 'mape': 8.306825730692985}
2025-06-26 20:47:39,239 - main.py[line:275] - INFO: 
 Epoch 4 train loss: 0.7763810306787491, train perf: {'r2': 0.26524475474831555, 'rmse': 0.9466947791763725, 'rpd': 1.1666179449009904, 'rer': 11.97036198294205, 'mse': 0.8962310049198006, 'mae': 0.7704883575439453, 'mape': 7.04100889711006}, test loss: 0.5745095610618591, test perf: {'r2': 0.2518159806972743, 'rmse': 0.8142802478686268, 'rpd': 1.1561010247417947, 'rer': 13.807626964795874, 'mse': 0.6630523220689923, 'mae': 0.6599532216787338, 'mape': 6.114775460585404}, ood loss: 1.0470005869865417, ood perf: {'r2': -0.03423271249301019, 'rmse': 1.092532632379829, 'rpd': 0.9833109260920678, 'rer': 10.356141986599791, 'mse': 1.1936275528147986, 'mae': 0.8982062798279983, 'mape': 8.105198041200202}
2025-06-26 20:47:39,399 - main.py[line:275] - INFO: 
 Epoch 5 train loss: 0.7181076556444168, train perf: {'r2': 0.3202249026646288, 'rmse': 0.910586610212537, 'rpd': 1.2128787150444207, 'rer': 12.445031660917504, 'mse': 0.8291679746983587, 'mae': 0.7296560848460478, 'mape': 6.630132723538863}, test loss: 0.5074019432067871, test perf: {'r2': 0.3392103490108751, 'rmse': 0.7652464130791342, 'rpd': 1.2301792114255528, 'rer': 14.692362767349362, 'mse': 0.5856020727304809, 'mae': 0.6166182607412338, 'mape': 5.683688929270732}, ood loss: 0.9979020655155182, ood perf: {'r2': 0.028184782433741673, 'rmse': 1.0590516230468257, 'rpd': 1.0143974582093762, 'rer': 10.683542539095734, 'mse': 1.1215903402781158, 'mae': 0.8653382062911987, 'mape': 7.754787937623312}
2025-06-26 20:47:39,555 - main.py[line:275] - INFO: 
 Epoch 6 train loss: 0.6373288184404373, train perf: {'r2': 0.3971657942575961, 'rmse': 0.8575068104824164, 'rpd': 1.2879560887801056, 'rer': 13.215380980737928, 'mse': 0.7353179300237268, 'mae': 0.6849134669584387, 'mape': 6.165273584121582}, test loss: 0.42878758907318115, test perf: {'r2': 0.4415896566738109, 'rmse': 0.7034713476229663, 'rpd': 1.3382069250849877, 'rer': 15.982566945139446, 'mse': 0.49487193692647224, 'mae': 0.5511915385723114, 'mape': 5.044051698304964}, ood loss: 0.9380130171775818, ood perf: {'r2': 0.09479527524663467, 'rmse': 1.0221124739979996, 'rpd': 1.0510577865556083, 'rer': 11.06964581076161, 'mse': 1.0447139095023117, 'mae': 0.829459337087778, 'mape': 7.37560653436065}
2025-06-26 20:47:39,713 - main.py[line:275] - INFO: 
 Epoch 7 train loss: 0.6030265688896179, train perf: {'r2': 0.4295089025153951, 'rmse': 0.8341863332110648, 'rpd': 1.3239621338315484, 'rer': 13.584829603334304, 'mse': 0.6958668385161217, 'mae': 0.6665244495167452, 'mape': 5.938056836299208}, test loss: 0.3927658796310425, test perf: {'r2': 0.48850091182252453, 'rmse': 0.6732744258642566, 'rpd': 1.3982266262074274, 'rer': 16.699398455449955, 'mse': 0.4532984525228443, 'mae': 0.5123109370470047, 'mape': 4.645864206396443}, ood loss: 0.8472328186035156, ood perf: {'r2': 0.18652389242169465, 'rmse': 0.9689417814721534, 'rpd': 1.108734595900062, 'rer': 11.677092764777539, 'mse': 0.9388481758824303, 'mae': 0.777707393352802, 'mape': 6.857751467921112}
2025-06-26 20:47:39,864 - main.py[line:275] - INFO: 
 Epoch 8 train loss: 0.5553142726421356, train perf: {'r2': 0.47417481683349727, 'rmse': 0.800865020680709, 'rpd': 1.3790477661173244, 'rer': 14.150048886478402, 'mse': 0.6413847813499124, 'mae': 0.6410676357792873, 'mape': 5.716818634299742}, test loss: 0.3590535521507263, test perf: {'r2': 0.5324043597273607, 'rmse': 0.6437317249522104, 'rpd': 1.4623952688642297, 'rer': 17.465781895720927, 'mse': 0.41439053370994827, 'mae': 0.4770246893167496, 'mape': 4.33625667959132}, ood loss: 0.8259190022945404, ood perf: {'r2': 0.20637288795710218, 'rmse': 0.9570475820817662, 'rpd': 1.1225139634065033, 'rer': 11.822215820563542, 'mse': 0.915940074368555, 'mae': 0.7674034100312453, 'mape': 6.7593975385177805}
2025-06-26 20:47:40,017 - main.py[line:275] - INFO: 
 Epoch 9 train loss: 0.5058526769280434, train perf: {'r2': 0.5214330924799602, 'rmse': 0.7640292170772881, 'rpd': 1.4455351877198088, 'rer': 14.832258951369672, 'mse': 0.5837406445477338, 'mae': 0.6133070515651329, 'mape': 5.5179139103794395}, test loss: 0.3397889733314514, test perf: {'r2': 0.5574925991001729, 'rmse': 0.6262243571784986, 'rpd': 1.5032794847351951, 'rer': 17.954073134473663, 'mse': 0.3921569455236238, 'mae': 0.4816070795059204, 'mape': 4.388427631047368}, ood loss: 0.8395249843597412, ood perf: {'r2': 0.18275669680941264, 'rmse': 0.971182767380228, 'rpd': 1.1061762117434843, 'rer': 11.650148093586827, 'mse': 0.9431959676563181, 'mae': 0.767811445089487, 'mape': 6.792450484943307}
2025-06-26 20:47:40,018 - main.py[line:301] - INFO: 
 Best result: {'mse': [9, 0.3921569455236238, 0.5837406445477338, 0.3921569455236238, 0.9431959676563181]}
2025-06-26 20:47:42,800 - main.py[line:275] - INFO: 
 Epoch 0 train loss: 0.9190848916769028, train perf: {'r2': 0.1303917905170705, 'rmse': 1.029912786620881, 'rpd': 1.0723540207271804, 'rer': 11.003144481081259, 'mse': 1.0607203480451883, 'mae': 0.8365830664541207, 'mape': 7.425189359302108}, test loss: 0.6596770286560059, test perf: {'r2': 0.14090233733533386, 'rmse': 0.8725512701218892, 'rpd': 1.078893884202835, 'rer': 12.885521220776994, 'mse': 0.761345718991322, 'mae': 0.7161462008953094, 'mape': 6.469717932791418}, ood loss: 0.999964028596878, ood perf: {'r2': 0.03983362533974011, 'rmse': 1.0526852284292059, 'rpd': 1.0205322973271511, 'rer': 10.74815411136934, 'mse': 1.1081461901530492, 'mae': 0.8428994783988366, 'mape': 7.444517252265201}
2025-06-26 20:47:42,953 - main.py[line:275] - INFO: 
 Epoch 1 train loss: 0.8060404062271118, train perf: {'r2': 0.2373458260318394, 'rmse': 0.9645005070085362, 'rpd': 1.1450809094509495, 'rer': 11.749376088199686, 'mse': 0.9302612280197233, 'mae': 0.7891543706258138, 'mape': 7.077646446921647}, test loss: 0.6076174378395081, test perf: {'r2': 0.2086995243856985, 'rmse': 0.8374143518496723, 'rpd': 1.124162998769473, 'rer': 13.4261824896331, 'mse': 0.7012627966838068, 'mae': 0.6771925091743469, 'mape': 6.189593145214673}, ood loss: 0.9397670030593872, ood perf: {'r2': 0.09385508688480215, 'rmse': 1.0226431433739, 'rpd': 1.0505123722698522, 'rer': 11.063901556696155, 'mse': 1.0457989986896512, 'mae': 0.8349380126366248, 'mape': 7.449899851933786}
2025-06-26 20:47:43,108 - main.py[line:275] - INFO: 
 Epoch 2 train loss: 0.7801165580749512, train perf: {'r2': 0.26156455187661376, 'rmse': 0.9490626949582739, 'rpd': 1.1637072277714946, 'rer': 11.940495874828162, 'mse': 0.9007199989614616, 'mae': 0.7739088881249522, 'mape': 7.047512939486333}, test loss: 0.6204719543457031, test perf: {'r2': 0.19195905837160265, 'rmse': 0.8462260089369076, 'rpd': 1.1124572147936778, 'rer': 13.286377148223284, 'mse': 0.7160984582012873, 'mae': 0.6771475076675415, 'mape': 6.2706284745245675}, ood loss: 0.9796387255191803, ood perf: {'r2': 0.022942471849434765, 'rmse': 1.0619042283402962, 'rpd': 1.0116724708877851, 'rer': 10.654843218397412, 'mse': 1.1276405901670001, 'mae': 0.8759055687830999, 'mape': 7.901034292347762}
2025-06-26 20:47:43,264 - main.py[line:275] - INFO: 
 Epoch 3 train loss: 0.8265195190906525, train perf: {'r2': 0.21859895223598735, 'rmse': 0.9762827800051807, 'rpd': 1.1312614954914761, 'rer': 11.607578691536927, 'mse': 0.953128066534644, 'mae': 0.7926792256972369, 'mape': 7.3284003759575995}, test loss: 0.6971730589866638, test perf: {'r2': 0.09207138291157646, 'rmse': 0.8970063939399889, 'rpd': 1.0494799539309667, 'rer': 12.534222702679768, 'mse': 0.8046204707692226, 'mae': 0.7212201207876205, 'mape': 6.7425706338414315}, ood loss: 1.0764906108379364, ood perf: {'r2': -0.09868783328558606, 'rmse': 1.1260623552619324, 'rpd': 0.9540317811985842, 'rer': 10.047776673332892, 'mse': 1.2680164279380506, 'mae': 0.9308878916960496, 'mape': 8.490145571251364}
2025-06-26 20:47:43,417 - main.py[line:275] - INFO: 
 Epoch 4 train loss: 0.7717039883136749, train perf: {'r2': 0.27068972621510734, 'rmse': 0.943180471836056, 'rpd': 1.1709647842700552, 'rer': 12.014963766205232, 'mse': 0.8895894024528852, 'mae': 0.7611195171580595, 'mape': 7.032291079507222}, test loss: 0.6272358894348145, test perf: {'r2': 0.1831504081615507, 'rmse': 0.8508259640540591, 'rpd': 1.1064427612226804, 'rer': 13.214544903870793, 'mse': 0.7239048211085191, 'mae': 0.6774826496839523, 'mape': 6.33362790751058}, ood loss: 1.1002824902534485, ood perf: {'r2': -0.1179411538395354, 'rmse': 1.1358860196687641, 'rpd': 0.9457808758351396, 'rer': 9.96087888221262, 'mse': 1.290237049678948, 'mae': 0.9394117502065805, 'mape': 8.53503242823944}
2025-06-26 20:47:43,570 - main.py[line:275] - INFO: 
 Epoch 5 train loss: 0.6805669143795967, train perf: {'r2': 0.35534883105367754, 'rmse': 0.8867496419621615, 'rpd': 1.2454824512670775, 'rer': 12.779570081389588, 'mse': 0.7863249275200217, 'mae': 0.7068130418366076, 'mape': 6.43499504962724}, test loss: 0.5128536820411682, test perf: {'r2': 0.3321104346498933, 'rmse': 0.7693465586683358, 'rpd': 1.2236231102630488, 'rer': 14.61406147943593, 'mse': 0.5918941273348111, 'mae': 0.608671709895134, 'mape': 5.632591801566973}, ood loss: 0.9777258932590485, ood perf: {'r2': 0.0350028212125334, 'rmse': 1.055330049154983, 'rpd': 1.0179746851626372, 'rer': 10.721217570729415, 'mse': 1.113721512649459, 'mae': 0.8633285027283889, 'mape': 7.757736811398093}
2025-06-26 20:47:43,725 - main.py[line:275] - INFO: 
 Epoch 6 train loss: 0.5774199962615967, train perf: {'r2': 0.4533868314193368, 'rmse': 0.8165422846936691, 'rpd': 1.3525706364925985, 'rer': 13.878373975885332, 'mse': 0.666741302692757, 'mae': 0.6480493695128198, 'mape': 5.848678624037551}, test loss: 0.4263198673725128, test perf: {'r2': 0.44480338668820263, 'rmse': 0.7014441384541511, 'rpd': 1.3420744110323117, 'rer': 16.02875737496297, 'mse': 0.49202387937168623, 'mae': 0.5247777700424194, 'mape': 4.827043162047935}, ood loss: 0.8897573947906494, ood perf: {'r2': 0.1234435100516299, 'rmse': 1.005808351211469, 'rpd': 1.0680954013130333, 'rer': 11.249084432726399, 'mse': 1.0116504393667338, 'mae': 0.821093540925246, 'mape': 7.347098703117119}
2025-06-26 20:47:43,878 - main.py[line:275] - INFO: 
 Epoch 7 train loss: 0.5585832521319389, train perf: {'r2': 0.4708896877692539, 'rmse': 0.8033628551075377, 'rpd': 1.3747599988095018, 'rer': 14.106053226204535, 'mse': 0.6453918769665346, 'mae': 0.6432649612426757, 'mape': 5.822744030177362}, test loss: 0.39700770378112793, test perf: {'r2': 0.4829767886283516, 'rmse': 0.6769003002442397, 'rpd': 1.390736905639204, 'rer': 16.609946698671447, 'mse': 0.45819401647074187, 'mae': 0.5055700242519379, 'mape': 4.643856222331431}, ood loss: 0.8558171689510345, ood perf: {'r2': 0.15755258772214842, 'rmse': 0.9860448808748153, 'rpd': 1.0895034246089286, 'rer': 11.474551803241479, 'mse': 0.9722845070994288, 'mae': 0.8010346614397489, 'mape': 7.170219068299664}
2025-06-26 20:47:44,033 - main.py[line:275] - INFO: 
 Epoch 8 train loss: 0.5463338047266006, train perf: {'r2': 0.48300602022392747, 'rmse': 0.7941113027934383, 'rpd': 1.3907762222325621, 'rer': 14.27039151091177, 'mse': 0.6306127612242919, 'mae': 0.6357670952292049, 'mape': 5.731446163034192}, test loss: 0.39321622252464294, test perf: {'r2': 0.4879143143059401, 'rmse': 0.6736603776172351, 'rpd': 1.397425557842156, 'rer': 16.68983107948172, 'mse': 0.4538183043713957, 'mae': 0.5141767263412476, 'mape': 4.704971248060395}, ood loss: 0.8564110100269318, ood perf: {'r2': 0.1676155102612239, 'rmse': 0.9801381013374064, 'rpd': 1.0960692917307513, 'rer': 11.54370292357834, 'mse': 0.960670697693296, 'mae': 0.7847385589893048, 'mape': 6.981474741480691}
2025-06-26 20:47:44,189 - main.py[line:275] - INFO: 
 Epoch 9 train loss: 0.5139420926570892, train perf: {'r2': 0.5133855640282037, 'rmse': 0.7704263514361638, 'rpd': 1.4335323755118827, 'rer': 14.709101230737877, 'mse': 0.5935567629872394, 'mae': 0.6199157415651808, 'mape': 5.569886323606695}, test loss: 0.37163013219833374, test perf: {'r2': 0.5160260528877976, 'rmse': 0.6549085769255047, 'rpd': 1.437437624358681, 'rer': 17.167706002803556, 'mse': 0.42890524413058984, 'mae': 0.4924141764640808, 'mape': 4.479287027113635}, ood loss: 0.8405188322067261, ood perf: {'r2': 0.176765124881208, 'rmse': 0.9747363511466344, 'rpd': 1.1021434393694858, 'rer': 11.60767529866859, 'mse': 0.9501109542466548, 'mae': 0.7766097600643451, 'mape': 6.9129199504632}
2025-06-26 20:47:44,190 - main.py[line:301] - INFO: 
 Best result: {'mse': [9, 0.42890524413058984, 0.5935567629872394, 0.42890524413058984, 0.9501109542466548]}
2025-06-26 20:47:47,075 - main.py[line:275] - INFO: 
 Epoch 0 train loss: 1.0010600984096527, train perf: {'r2': 0.05270607648140624, 'rmse': 1.0749320459317313, 'rpd': 1.0274427317625794, 'rer': 10.54232147696365, 'mse': 1.1554789033709776, 'mae': 0.8634726580451516, 'mape': 7.556977611581475}, test loss: 0.7040050029754639, test perf: {'r2': 0.08317391722132139, 'rmse': 0.9013908937510222, 'rpd': 1.0443751268336512, 'rer': 12.47325437312115, 'mse': 0.8125055433372665, 'mae': 0.7374197840690613, 'mape': 6.556851085578427}, ood loss: 1.0673049688339233, ood perf: {'r2': -0.01114117266767023, 'rmse': 1.0802671750777533, 'rpd': 0.9944755328272291, 'rer': 10.47372661777377, 'mse': 1.1669771695504692, 'mae': 0.8587327737074631, 'mape': 7.478797355968019}
2025-06-26 20:47:47,230 - main.py[line:275] - INFO: 
 Epoch 1 train loss: 0.9440519511699677, train perf: {'r2': 0.10557766422439618, 'rmse': 1.0445036273622224, 'rpd': 1.0573741333195312, 'rer': 10.84943976951136, 'mse': 1.0909878275728404, 'mae': 0.8498000949036841, 'mape': 7.576730786586978}, test loss: 0.6684268712997437, test perf: {'r2': 0.12950736637827198, 'rmse': 0.8783189167927951, 'rpd': 1.0718091242135985, 'rer': 12.80090601763042, 'mse': 0.7714441195960688, 'mae': 0.7254030853509903, 'mape': 6.570373862777385}, ood loss: 0.9922993779182434, ood perf: {'r2': 0.05130849970558493, 'rmse': 1.0463760415900285, 'rpd': 1.0266856577667383, 'rer': 10.812960748533794, 'mse': 1.094902820413617, 'mae': 0.8461925524931687, 'mape': 7.499896240867357}
2025-06-26 20:47:47,384 - main.py[line:275] - INFO: 
 Epoch 2 train loss: 0.9333153665065765, train perf: {'r2': 0.11700298014357835, 'rmse': 1.0378109614726987, 'rpd': 1.0641929587677519, 'rer': 10.919405956188374, 'mse': 1.0770515917528873, 'mae': 0.853242156084846, 'mape': 7.714999348319179}, test loss: 0.69234299659729, test perf: {'r2': 0.09836152943976995, 'rmse': 0.8938937548841672, 'rpd': 1.0531343617115991, 'rer': 12.577868282375963, 'mse': 0.7990460450209156, 'mae': 0.739846721291542, 'mape': 6.795522161962246}, ood loss: 0.9966753125190735, ood perf: {'r2': 0.03999890983483412, 'rmse': 1.0525946191142237, 'rpd': 1.020620146657462, 'rer': 10.749079332592848, 'mse': 1.1079554321882177, 'mae': 0.8561217693182138, 'mape': 7.688633572746125}
2025-06-26 20:47:47,539 - main.py[line:275] - INFO: 
 Epoch 3 train loss: 0.9734454303979874, train perf: {'r2': 0.07868226009741652, 'rmse': 1.060091497653452, 'rpd': 1.0418262198837853, 'rer': 10.689906691249716, 'mse': 1.1237939833971384, 'mae': 0.8697442559634938, 'mape': 7.934442946291644}, test loss: 0.7427088022232056, test perf: {'r2': 0.03276996189244141, 'rmse': 0.9258370877202251, 'rpd': 1.0167990043539894, 'rer': 12.143905290137914, 'mse': 0.8571743129982679, 'mae': 0.7695492506027222, 'mape': 7.122273336118684}, ood loss: 1.0255964994430542, ood perf: {'r2': 0.0072727400629259975, 'rmse': 1.0703855960678608, 'rpd': 1.0036563257929954, 'rer': 10.570417901253059, 'mse': 1.1457253242695498, 'mae': 0.878091417826139, 'mape': 7.954813769075461}
2025-06-26 20:47:47,696 - main.py[line:275] - INFO: 
 Epoch 4 train loss: 0.9219665378332138, train perf: {'r2': 0.12699787092449522, 'rmse': 1.0319206088053376, 'rpd': 1.0702675266945632, 'rer': 10.981735510856822, 'mse': 1.0648601428771787, 'mae': 0.842727814468683, 'mape': 7.688589672514468}, test loss: 0.6975613832473755, test perf: {'r2': 0.09156561493109117, 'rmse': 0.8972562009955206, 'rpd': 1.0491877659284317, 'rer': 12.530733022404211, 'mse': 0.805068690224914, 'mae': 0.7427617907524109, 'mape': 6.872736450834887}, ood loss: 1.0291465520858765, ood perf: {'r2': 0.00015951307298955886, 'rmse': 1.074213588724781, 'rpd': 1.000079766079421, 'rer': 10.532749896927578, 'mse': 1.153934834200973, 'mae': 0.8823263553472666, 'mape': 7.983221514624822}
2025-06-26 20:47:47,851 - main.py[line:275] - INFO: 
 Epoch 5 train loss: 0.8101968467235565, train perf: {'r2': 0.23278387370452613, 'rmse': 0.9673808722080856, 'rpd': 1.141671444474944, 'rer': 11.714392458718134, 'mse': 0.9358257519140762, 'mae': 0.7801972819309608, 'mape': 7.125250856831587}, test loss: 0.598383903503418, test perf: {'r2': 0.22072451850266406, 'rmse': 0.8310271113204162, 'rpd': 1.1328032697900197, 'rer': 13.529375581390015, 'mse': 0.6906060597495554, 'mae': 0.6789570897817612, 'mape': 6.287397040301642}, ood loss: 1.011110633611679, ood perf: {'r2': 0.007357771981583161, 'rmse': 1.0703397532197272, 'rpd': 1.0036993125776899, 'rer': 10.570870634192389, 'mse': 1.1456271873224664, 'mae': 0.8836712103623611, 'mape': 7.982021051384576}
2025-06-26 20:47:48,006 - main.py[line:275] - INFO: 
 Epoch 6 train loss: 0.6692817509174347, train perf: {'r2': 0.36657955087356364, 'rmse': 0.8789914981461259, 'rpd': 1.2564753129701292, 'rer': 12.89236496371511, 'mse': 0.7726260538131707, 'mae': 0.7008094114415786, 'mape': 6.3912657828234565}, test loss: 0.46687978506088257, test perf: {'r2': 0.39198229081242053, 'rmse': 0.7340536469522347, 'rpd': 1.2824542632497524, 'rer': 15.316697838166489, 'mse': 0.538834756603876, 'mae': 0.5791548192501068, 'mape': 5.361478966286545}, ood loss: 0.971363365650177, ood perf: {'r2': 0.03913573680709892, 'rmse': 1.0530677264641997, 'rpd': 1.0201616168964764, 'rer': 10.744250138505969, 'mse': 1.1089516365204786, 'mae': 0.8661558536382822, 'mape': 7.793258106416924}
2025-06-26 20:47:48,160 - main.py[line:275] - INFO: 
 Epoch 7 train loss: 0.5946578085422516, train perf: {'r2': 0.43729070568285267, 'rmse': 0.8284774247377676, 'rpd': 1.3330853500091622, 'rer': 13.678440541321326, 'mse': 0.6863748433001234, 'mae': 0.6624518562765682, 'mape': 6.02323783951868}, test loss: 0.4199386239051819, test perf: {'r2': 0.453113820435608, 'rmse': 0.6961745784266409, 'rpd': 1.3522329860355864, 'rer': 16.150083981494127, 'mse': 0.4846590436475111, 'mae': 0.52969129383564, 'mape': 4.903130258828068}, ood loss: 0.8955522179603577, ood perf: {'r2': 0.12083007031217563, 'rmse': 1.007306636355455, 'rpd': 1.066506697918864, 'rer': 11.232352351867705, 'mse': 1.0146666596457408, 'mae': 0.8245828060003427, 'mape': 7.409433427689635}
2025-06-26 20:47:48,313 - main.py[line:275] - INFO: 
 Epoch 8 train loss: 0.5690353587269783, train perf: {'r2': 0.4613049976827115, 'rmse': 0.8106065482854091, 'rpd': 1.3624749517103252, 'rer': 13.979999567080414, 'mse': 0.6570829761231852, 'mae': 0.6456020168229646, 'mape': 5.843935032098484}, test loss: 0.38586366176605225, test perf: {'r2': 0.49748955087986535, 'rmse': 0.6673324364197626, 'rpd': 1.410676564799516, 'rer': 16.848091436543513, 'mse': 0.44533258069793646, 'mae': 0.4957905113697052, 'mape': 4.5782952542663775}, ood loss: 0.8401591777801514, ood perf: {'r2': 0.17898785839906506, 'rmse': 0.973419568025296, 'rpd': 1.1036343523590404, 'rer': 11.623377459805818, 'mse': 0.9475456554145537, 'mae': 0.7847530383330125, 'mape': 7.015409299182131}
2025-06-26 20:47:48,466 - main.py[line:275] - INFO: 
 Epoch 9 train loss: 0.5211503729224205, train perf: {'r2': 0.5067541873488134, 'rmse': 0.775658110689765, 'rpd': 1.4238633007383954, 'rer': 14.609889380290472, 'mse': 0.6016455046788157, 'mae': 0.6166975170958275, 'mape': 5.581777781619656}, test loss: 0.3518695831298828, test perf: {'r2': 0.5417601206215144, 'rmse': 0.6372592194701101, 'rpd': 1.477248504573541, 'rer': 17.64317810375574, 'mse': 0.40609931279965394, 'mae': 0.48399946093559265, 'mape': 4.444341183959294}, ood loss: 0.8452306687831879, ood perf: {'r2': 0.16716439612923206, 'rmse': 0.9804036602610101, 'rpd': 1.0957724028133542, 'rer': 11.540576116277386, 'mse': 0.961191337053186, 'mae': 0.7881981776310847, 'mape': 7.0423591039030535}
2025-06-26 20:47:48,468 - main.py[line:301] - INFO: 
 Best result: {'mse': [9, 0.40609931279965394, 0.6016455046788157, 0.40609931279965394, 0.961191337053186]}
2025-06-26 20:47:51,312 - main.py[line:275] - INFO: 
 Epoch 0 train loss: 1.0223514437675476, train perf: {'r2': 0.03317485312003854, 'rmse': 1.0859569358221854, 'rpd': 1.0170118918160085, 'rer': 10.435293353067285, 'mse': 1.1793024664603102, 'mae': 0.8754712160895852, 'mape': 7.723721800678762}, test loss: 0.728408932685852, test perf: {'r2': 0.05139273182422455, 'rmse': 0.9168808671000812, 'rpd': 1.026731239321592, 'rer': 12.262528656456599, 'mse': 0.8406705244541968, 'mae': 0.7517227530479431, 'mape': 6.737478489912931}, ood loss: 1.0370664298534393, ood perf: {'r2': 0.013440354550296685, 'rmse': 1.0670553704606769, 'rpd': 1.0067886862023008, 'rer': 10.603407638569307, 'mse': 1.1386071636289723, 'mae': 0.8497159022551316, 'mape': 7.44706123464798}
2025-06-26 20:47:51,479 - main.py[line:275] - INFO: 
 Epoch 1 train loss: 0.9626316428184509, train perf: {'r2': 0.08912991662813785, 'rmse': 1.054063691294718, 'rpd': 1.0477840446004278, 'rer': 10.751038374334861, 'mse': 1.1110502653058467, 'mae': 0.8545879438811658, 'mape': 7.586961748119764}, test loss: 0.6859042048454285, test perf: {'r2': 0.10674663053935574, 'rmse': 0.8897275076826459, 'rpd': 1.0580657795326966, 'rer': 12.636765538086355, 'mse': 0.7916150379271727, 'mae': 0.7289743572473526, 'mape': 6.579489164297153}, ood loss: 0.9662003517150879, ood perf: {'r2': 0.07672489454472631, 'rmse': 1.0322641512546238, 'rpd': 1.0407212855599999, 'rer': 10.960782714547902, 'mse': 1.0655692779654287, 'mae': 0.8356173772078294, 'mape': 7.377514984939965}
2025-06-26 20:47:51,650 - main.py[line:275] - INFO: 
 Epoch 2 train loss: 0.8996583819389343, train perf: {'r2': 0.14873089380899251, 'rmse': 1.0189950416859541, 'rpd': 1.0838434659151295, 'rer': 11.12103467682533, 'mse': 1.0383508949805593, 'mae': 0.8337811002544329, 'mape': 7.510670952346678}, test loss: 0.6572225689888, test perf: {'r2': 0.14409870369777955, 'rmse': 0.8709265464866283, 'rpd': 1.080906573333364, 'rer': 12.909559310974734, 'mse': 0.7585130493751251, 'mae': 0.7191194891929626, 'mape': 6.583379991826802}, ood loss: 0.931956559419632, ood perf: {'r2': 0.10384685177329878, 'rmse': 1.0169893380341581, 'rpd': 1.056352544076653, 'rer': 11.125409719427283, 'mse': 1.0342673136751552, 'mae': 0.8317886499258188, 'mape': 7.451123158501286}
2025-06-26 20:47:51,818 - main.py[line:275] - INFO: 
 Epoch 3 train loss: 0.8270251601934433, train perf: {'r2': 0.21674350045080992, 'rmse': 0.9774411938432981, 'rpd': 1.1299207816161443, 'rer': 11.59382197669003, 'mse': 0.9553912874218119, 'mae': 0.80152593126484, 'mape': 7.275035744123573}, test loss: 0.6338022947311401, test perf: {'r2': 0.17459901716596316, 'rmse': 0.8552679094272784, 'rpd': 1.1006963065155977, 'rer': 13.145913442374413, 'mse': 0.7314831968961073, 'mae': 0.6980388164520264, 'mape': 6.445594496500886}, ood loss: 0.9259650707244873, ood perf: {'r2': 0.09294206000950767, 'rmse': 1.0231582186011976, 'rpd': 1.0499835264969417, 'rer': 11.05833180071364, 'mse': 1.0468527402911763, 'mae': 0.8441778604800885, 'mape': 7.611247268754773}
2025-06-26 20:47:51,971 - main.py[line:275] - INFO: 
 Epoch 4 train loss: 0.779605358839035, train perf: {'r2': 0.2615738906672552, 'rmse': 0.9490566936714595, 'rpd': 1.1637145863844083, 'rer': 11.940571379633017, 'mse': 0.9007086078026024, 'mae': 0.7682399749755859, 'mape': 7.042790047320749}, test loss: 0.6051031947135925, test perf: {'r2': 0.21197393106577456, 'rmse': 0.8356799426356757, 'rpd': 1.1264961392023407, 'rer': 13.454047816333864, 'mse': 0.6983609665235662, 'mae': 0.6611097007989883, 'mape': 6.151269105429174}, ood loss: 1.01372429728508, ood perf: {'r2': -0.028073707520562152, 'rmse': 1.0892746800409814, 'rpd': 0.9862519474801309, 'rer': 10.387116558601605, 'mse': 1.1865193285783824, 'mae': 0.8983325774853046, 'mape': 8.131889298736953}
2025-06-26 20:47:52,132 - main.py[line:275] - INFO: 
 Epoch 5 train loss: 0.7670830339193344, train perf: {'r2': 0.27411775271863326, 'rmse': 0.9409612133872144, 'rpd': 1.173726506489649, 'rer': 12.0433010764698, 'mse': 0.8854080050991388, 'mae': 0.7582443237304688, 'mape': 6.986924773587375}, test loss: 0.5861436128616333, test perf: {'r2': 0.23666487427090088, 'rmse': 0.8224837192213947, 'rpd': 1.1445700467835282, 'rer': 13.66990937889322, 'mse': 0.6764794683842581, 'mae': 0.6581410467624664, 'mape': 6.132202843116354}, ood loss: 1.102841466665268, ood perf: {'r2': -0.1266931157459017, 'rmse': 1.1403235745176614, 'rpd': 0.942100381451489, 'rer': 9.922116247315996, 'mse': 1.3003378546007367, 'mae': 0.9412392102755033, 'mape': 8.528248771114812}
2025-06-26 20:47:52,287 - main.py[line:275] - INFO: 
 Epoch 6 train loss: 0.6988116055727005, train perf: {'r2': 0.33851437512571103, 'rmse': 0.8982533382836145, 'rpd': 1.229531882221097, 'rer': 12.615905459095009, 'mse': 0.8068590597376576, 'mae': 0.7172902986115101, 'mape': 6.608557388993115}, test loss: 0.518875002861023, test perf: {'r2': 0.32426884081460383, 'rmse': 0.7738497721342327, 'rpd': 1.2165025601695567, 'rer': 14.529018825402266, 'mse': 0.5988434698322038, 'mae': 0.6088482886552811, 'mape': 5.665464872420646}, ood loss: 1.0732098519802094, ood perf: {'r2': -0.09045647565580572, 'rmse': 1.1218362011753604, 'rpd': 0.9576257865503528, 'rer': 10.085628413546374, 'mse': 1.2585164622675638, 'mae': 0.9261497625937829, 'mape': 8.377353624520435}
2025-06-26 20:47:52,437 - main.py[line:275] - INFO: 
 Epoch 7 train loss: 0.6236716359853745, train perf: {'r2': 0.4101223553681038, 'rmse': 0.8482416696765082, 'rpd': 1.3020241249789466, 'rer': 13.359729425252514, 'mse': 0.7195139301755904, 'mae': 0.6768173741359337, 'mape': 6.17729380213929}, test loss: 0.42756348848342896, test perf: {'r2': 0.44318383255603944, 'rmse': 0.7024664785234304, 'rpd': 1.3401212125690387, 'rer': 16.005429797881106, 'mse': 0.49345915344910907, 'mae': 0.5528314560651779, 'mape': 5.117725165437535}, ood loss: 1.0062676668167114, ood perf: {'r2': -0.0007433466869719574, 'rmse': 1.0746984887596223, 'rpd': 0.9996285337398504, 'rer': 10.527997558624872, 'mse': 1.154976841742216, 'mae': 0.8763288259506226, 'mape': 7.877512438312081}
2025-06-26 20:47:52,595 - main.py[line:275] - INFO: 
 Epoch 8 train loss: 0.5370549783110619, train perf: {'r2': 0.49183443328712007, 'rmse': 0.7873018129350441, 'rpd': 1.4028052515387222, 'rer': 14.39381823833998, 'mse': 0.6198441446508072, 'mae': 0.6280497756658816, 'mape': 5.680786035643634}, test loss: 0.36847975850105286, test perf: {'r2': 0.5201286300781616, 'rmse': 0.6521268867138671, 'rpd': 1.4435691092751628, 'rer': 17.24093598414187, 'mse': 0.4252694763751208, 'mae': 0.501773327589035, 'mape': 4.601258371257303}, ood loss: 0.9785497188568115, ood perf: {'r2': 0.034043472074327896, 'rmse': 1.0558544954924178, 'rpd': 1.0174690538493132, 'rer': 10.715892307341502, 'mse': 1.1148287156515484, 'mae': 0.8535835009354812, 'mape': 7.618832908937737}
2025-06-26 20:47:52,752 - main.py[line:275] - INFO: 
 Epoch 9 train loss: 0.50946294516325, train perf: {'r2': 0.5182789377162935, 'rmse': 0.7665428767468935, 'rpd': 1.4407949655970922, 'rer': 14.783620770432648, 'mse': 0.587587981891403, 'mae': 0.6126335705027861, 'mape': 5.477251679729663}, test loss: 0.36460980772972107, test perf: {'r2': 0.5251685263086155, 'rmse': 0.6486933342486327, 'rpd': 1.4512099620667658, 'rer': 17.33219275390638, 'mse': 0.4208030418986084, 'mae': 0.49117642641067505, 'mape': 4.453012643960033}, ood loss: 0.9258603453636169, ood perf: {'r2': 0.10244142997543315, 'rmse': 1.0177864891903778, 'rpd': 1.055525187198929, 'rer': 11.116696071412251, 'mse': 1.035889337578475, 'mae': 0.8060438082768366, 'mape': 7.123489367706807}
2025-06-26 20:47:52,754 - main.py[line:301] - INFO: 
 Best result: {'mse': [9, 0.4208030418986084, 0.587587981891403, 0.4208030418986084, 1.035889337578475]}
2025-06-26 20:47:55,183 - main.py[line:361] - INFO: 
 Results: {'train': {'r2': {'mean': 0.5149629453933177, 'std': 0.005539188772127328}, 'rmse': {'mean': 0.7691641389875276, 'std': 0.004387575853856656}, 'rpd': {'mean': 1.4359314573917947, 'std': 0.008174370727366757}, 'rer': {'mean': 14.733717583207667, 'std': 0.0838750826841178}, 'mse': {'mean': 0.5916327235262979, 'std': 0.0067565257298485455}, 'mae': {'mean': 0.6156384701822318, 'std': 0.0029103936890169813}, 'mape': {'mean': 5.536707423833863, 'std': 0.041893788907249555}}, 'test': {'r2': {'mean': 0.5351118247295251, 'std': 0.015876356398580788}, 'rmse': {'mean': 0.6417713719556866, 'std': 0.01098372551709096}, 'rpd': {'mean': 1.467293893933546, 'std': 0.025219767621648854}, 'rer': {'mean': 17.524287498734836, 'std': 0.3012065001294644}, 'mse': {'mean': 0.411991136088119, 'std': 0.014069874127870897}, 'mae': {'mean': 0.48729928582906723, 'std': 0.004595769316734876}, 'mape': {'mean': 4.441267121520083, 'std': 0.03310941003712641}}, 'ood': {'r2': {'mean': 0.15728191194882146, 'std': 0.03214693689339512}, 'rmse': {'mean': 0.9860273169945626, 'std': 0.018628721753328897}, 'rpd': {'mean': 1.0899043102813133, 'std': 0.020192385148304497}, 'rer': {'mean': 11.478773894986263, 'std': 0.2126643791857665}, 'mse': {'mean': 0.9725968991336585, 'std': 0.037101388450632926}, 'mae': {'mean': 0.7846657977654383, 'std': 0.014304422292664118}, 'mape': {'mean': 6.967804726754092, 'std': 0.12605307549816255}}}
