2025-06-19 18:12:05,641 - ./NIROOD/utils/util.py[line:223] - INFO: 
 +--------------+-------------------------------------+
| Parameter    | Value                               |
+--------------+-------------------------------------+
| device       | 1                                   |
+--------------+-------------------------------------+
| root         | ./NIROOD/datasets    |
+--------------+-------------------------------------+
| check_point  | ./NIROOD/check_point |
+--------------+-------------------------------------+
| seed         | [2022, 2024, 2025, 2027]            |
+--------------+-------------------------------------+
| dataset      | manggo_region                       |
+--------------+-------------------------------------+
| label        | brix                                |
+--------------+-------------------------------------+
| taskMode     | regression                          |
+--------------+-------------------------------------+
| log_dir      | ./NIROOD/logs        |
+--------------+-------------------------------------+
| metric       | mse                                 |
+--------------+-------------------------------------+
| save_model   | False                               |
+--------------+-------------------------------------+
| drop_early   | 0                                   |
+--------------+-------------------------------------+
| batch_size   | 128                                 |
+--------------+-------------------------------------+
| epochs       | 10                                  |
+--------------+-------------------------------------+
| lr           | 0.000                               |
+--------------+-------------------------------------+
| model        | ours                                |
+--------------+-------------------------------------+
| bidirection  | False                               |
+--------------+-------------------------------------+
| num_envs     | 1                                   |
+--------------+-------------------------------------+
| irm_opt      | eiil                                |
+--------------+-------------------------------------+
| threshold    | 0.050                               |
+--------------+-------------------------------------+
| window_size  | 2                                   |
+--------------+-------------------------------------+
| rate         | 0.750                               |
+--------------+-------------------------------------+
| batch_rate   | 0.100                               |
+--------------+-------------------------------------+
| spec_coe     | 1                                   |
+--------------+-------------------------------------+
| Odcnn_coe    | 1                                   |
+--------------+-------------------------------------+
| invMode_coe  | 1                                   |
+--------------+-------------------------------------+
| invCont_coe  | 1                                   |
+--------------+-------------------------------------+
| drop_rate    | 0.400                               |
+--------------+-------------------------------------+
| current_time | 2.025e+13                           |
+--------------+-------------------------------------+
2025-06-19 18:13:13,673 - main.py[line:273] - INFO: 
 Epoch 0 train loss: 0.9198860783202976, train perf: {'r2': 0.08190486959281063, 'rmse': 2.3327875448167688, 'rpd': 1.043653077423927, 'rer': 6.879299168568355, 'mse': 5.441897729252247, 'mae': 1.914985025837029, 'mape': 12.140471354715771}, test loss: 0.9270642812435443, test perf: {'r2': 0.059421156004954234, 'rmse': 2.3442046825304463, 'rpd': 1.0311038226413647, 'rer': 6.9243190262770655, 'mse': 5.495295593597671, 'mae': 1.8831606742573195, 'mape': 11.651318546077611}, ood loss: 0.9003452062606812, ood perf: {'r2': 0.09916294039650642, 'rmse': 2.308501978992985, 'rpd': 1.0536027071135494, 'rer': 6.967625408837328, 'mse': 5.329181387014529, 'mae': 1.9258140144885425, 'mape': 12.33912062294576}
2025-06-19 18:13:16,181 - main.py[line:273] - INFO: 
 Epoch 1 train loss: 0.8328573668704313, train perf: {'r2': 0.16872628722159744, 'rmse': 2.219746446772509, 'rpd': 1.096801350291221, 'rer': 7.229629060038896, 'mse': 4.927274287959179, 'mae': 1.787977354971724, 'mape': 11.338935158008308}, test loss: 0.8415084389539865, test perf: {'r2': 0.14784146388166086, 'rmse': 2.2313008218268715, 'rpd': 1.0832776941443156, 'rer': 7.274689690403751, 'mse': 4.978703357485273, 'mae': 1.749020999746867, 'mape': 10.80514366824698}, ood loss: 0.8030147893088204, ood perf: {'r2': 0.19614631454398035, 'rmse': 2.1806985390957583, 'rpd': 1.115350834073811, 'rer': 7.375974604840357, 'mse': 4.755446118414374, 'mae': 1.8133044344942335, 'mape': 11.578543956891977}
2025-06-19 18:13:18,700 - main.py[line:273] - INFO: 
 Epoch 2 train loss: 0.8093290960087496, train perf: {'r2': 0.19196801191173496, 'rmse': 2.18849532300077, 'rpd': 1.1124633781652231, 'rer': 7.33286621581643, 'mse': 4.789511778796246, 'mae': 1.762181612871203, 'mape': 11.274756401701861}, test loss: 0.8139930138221154, test perf: {'r2': 0.18023650207236308, 'rmse': 2.188478146377123, 'rpd': 1.1044745469413553, 'rer': 7.417035948750216, 'mse': 4.789436597170247, 'mae': 1.7206808275207557, 'mape': 10.720088393857178}, ood loss: 0.8106406480073929, ood perf: {'r2': 0.18918883944367781, 'rmse': 2.1901153446931287, 'rpd': 1.1105551770766633, 'rer': 7.344260239150336, 'mse': 4.796605223060301, 'mae': 1.8282621278897138, 'mape': 11.763892619822588}
2025-06-19 18:13:21,216 - main.py[line:273] - INFO: 
 Epoch 3 train loss: 0.7911692600624234, train perf: {'r2': 0.2101282846953969, 'rmse': 2.163762685828544, 'rpd': 1.1251792611406308, 'rer': 7.416683688377574, 'mse': 4.681868960583953, 'mae': 1.7340754419931323, 'mape': 11.067478200830985}, test loss: 0.7918118146749643, test perf: {'r2': 0.19726232254277087, 'rmse': 2.1656324476230875, 'rpd': 1.116125874390118, 'rer': 7.4952797749908955, 'mse': 4.6899638981979646, 'mae': 1.693872278493339, 'mape': 10.524588849718157}, ood loss: 0.8024135125534875, ood perf: {'r2': 0.19721018351398845, 'rmse': 2.1792550266388555, 'rpd': 1.1160896291221747, 'rer': 7.380860362171984, 'mse': 4.749152471130719, 'mae': 1.8154404693925885, 'mape': 11.638120811697862}
2025-06-19 18:13:23,731 - main.py[line:273] - INFO: 
 Epoch 4 train loss: 0.7786215461936652, train perf: {'r2': 0.22255392360788984, 'rmse': 2.1466759164660916, 'rpd': 1.1341352839753092, 'rer': 7.475717826994172, 'mse': 4.608217490335534, 'mae': 1.7210065915777877, 'mape': 11.03798263725691}, test loss: 0.7770996781495901, test perf: {'r2': 0.2127048792399655, 'rmse': 2.144700761578002, 'rpd': 1.1270189541185651, 'rer': 7.568431631828377, 'mse': 4.5997413567132615, 'mae': 1.6799245328534373, 'mape': 10.489524686106835}, ood loss: 0.7942852207592556, ood perf: {'r2': 0.20511363627950818, 'rmse': 2.1685011279283564, 'rpd': 1.1216244728300424, 'rer': 7.417463075312817, 'mse': 4.702397141826554, 'mae': 1.8075026087693764, 'mape': 11.626663259749748}
2025-06-19 18:13:26,214 - main.py[line:273] - INFO: 
 Epoch 5 train loss: 0.7636709762554542, train perf: {'r2': 0.23782276054234663, 'rmse': 2.1254913098024004, 'rpd': 1.1454391221907965, 'rer': 7.550227725464817, 'mse': 4.517713308045524, 'mae': 1.702610865857736, 'mape': 10.926573247921322}, test loss: 0.7643694969323965, test perf: {'r2': 0.2258986106593045, 'rmse': 2.1266540598129966, 'rpd': 1.136582792136618, 'rer': 7.632657041625609, 'mse': 4.5226574901191015, 'mae': 1.6692316571651902, 'mape': 10.426476783759902}, ood loss: 0.7779075141463961, ood perf: {'r2': 0.22189646275205965, 'rmse': 2.1454866860015667, 'rpd': 1.1336560372587738, 'rer': 7.497029531867733, 'mse': 4.603113119809985, 'mae': 1.7892140721603178, 'mape': 11.520232184}
2025-06-19 18:13:28,694 - main.py[line:273] - INFO: 
 Epoch 6 train loss: 0.7512012077312843, train perf: {'r2': 0.25008031553961396, 'rmse': 2.108330651215372, 'rpd': 1.1547623702765797, 'rer': 7.611682450403872, 'mse': 4.445058134854235, 'mae': 1.6872923725653046, 'mape': 10.803336350194117}, test loss: 0.7475704711217147, test perf: {'r2': 0.24513010892419018, 'rmse': 2.100070999695629, 'rpd': 1.1509698527150996, 'rer': 7.729272527969733, 'mse': 4.410298203762599, 'mae': 1.6442155088655344, 'mape': 10.254208046316519}, ood loss: 0.7994617692061833, ood perf: {'r2': 0.19921188562042347, 'rmse': 2.1765364184130305, 'rpd': 1.1174836836488167, 'rer': 7.390079444161385, 'mse': 4.737310780678223, 'mae': 1.8111073663201132, 'mape': 11.606793984987078}
2025-06-19 18:13:31,171 - main.py[line:273] - INFO: 
 Epoch 7 train loss: 0.7335399342518226, train perf: {'r2': 0.26802435157543425, 'rmse': 2.0829539202258918, 'rpd': 1.1688308975458268, 'rer': 7.704415955473585, 'mse': 4.3386970337844115, 'mae': 1.6714737558833503, 'mape': 10.766073916488313}, test loss: 0.7224957576164832, test perf: {'r2': 0.27037383045059715, 'rmse': 2.0646580189095594, 'rpd': 1.1707112689236163, 'rer': 7.86184488475541, 'mse': 4.262812735047547, 'mae': 1.6238211836091867, 'mape': 10.188730942314752}, ood loss: 0.7905654907226562, ood perf: {'r2': 0.2088937226081169, 'rmse': 2.163338823952171, 'rpd': 1.1243009682600553, 'rer': 7.4351631224357835, 'mse': 4.680034867218763, 'mae': 1.799603347241039, 'mape': 11.577540465593072}
2025-06-19 18:13:33,629 - main.py[line:273] - INFO: 
 Epoch 8 train loss: 0.7177965255344615, train perf: {'r2': 0.2837068877651032, 'rmse': 2.060519521685443, 'rpd': 1.1815568231708773, 'rer': 7.788299624736327, 'mse': 4.245740699246808, 'mae': 1.6488100747218588, 'mape': 10.607067564124893}, test loss: 0.7016421075050647, test perf: {'r2': 0.2889472645461495, 'rmse': 2.038209548403163, 'rpd': 1.1859027993979439, 'rer': 7.963862742891352, 'mse': 4.154298163201825, 'mae': 1.5976285454391188, 'mape': 10.020956120164872}, ood loss: 0.7997267075947353, ood perf: {'r2': 0.1992830798034252, 'rmse': 2.176439663620117, 'rpd': 1.1175333619855068, 'rer': 7.390407974107878, 'mse': 4.736889609378848, 'mae': 1.8030964666017344, 'mape': 11.582773139164964}
2025-06-19 18:13:36,095 - main.py[line:273] - INFO: 
 Epoch 9 train loss: 0.7005803959042418, train perf: {'r2': 0.30073151116098495, 'rmse': 2.035885386087456, 'rpd': 1.1958536157101936, 'rer': 7.882537753436792, 'mse': 4.144829305284471, 'mae': 1.6297727648983424, 'mape': 10.508894523511447}, test loss: 0.6883288713601919, test perf: {'r2': 0.30000258714050765, 'rmse': 2.022302615246764, 'rpd': 1.1952308180721953, 'rer': 8.026504521309095, 'mse': 4.0897078676339005, 'mae': 1.588911780116747, 'mape': 9.99066959133443}, ood loss: 0.7747184591633933, ood perf: {'r2': 0.22397907571851705, 'rmse': 2.142613538657315, 'rpd': 1.135176218464567, 'rer': 7.507082707627445, 'mse': 4.590792776037621, 'mae': 1.7716097955300774, 'mape': 11.396304812295014}
2025-06-19 18:13:36,099 - main.py[line:299] - INFO: 
 Best result: {'mse': [9, 4.0897078676339005, 4.144829305284471, 4.0897078676339005, 4.590792776037621]}
2025-06-19 18:13:42,814 - main.py[line:273] - INFO: 
 Epoch 0 train loss: 0.9448586094613168, train perf: {'r2': 0.05745020002727719, 'rmse': 2.36365179802559, 'rpd': 1.030025193286896, 'rer': 6.7894701879988455, 'mse': 5.586849822309605, 'mae': 1.947374958078164, 'mape': 12.378747973566627}, test loss: 0.9509528691952045, test perf: {'r2': 0.037884821694575965, 'rmse': 2.370890295984369, 'rpd': 1.0194982084598594, 'rer': 6.846382184880465, 'mse': 5.621120795592849, 'mae': 1.9152197641708721, 'mape': 11.884564450400852}, ood loss: 0.928898315344538, ood perf: {'r2': 0.06963039474032051, 'rmse': 2.346037154942742, 'rpd': 1.0367457008596939, 'rer': 6.856147615264579, 'mse': 5.503890332371835, 'mae': 1.9578713433171662, 'mape': 12.60935656553776}
2025-06-19 18:13:45,358 - main.py[line:273] - INFO: 
 Epoch 1 train loss: 0.8517837173798505, train perf: {'r2': 0.14988182647935044, 'rmse': 2.2447655885324673, 'rpd': 1.0845768986132223, 'rer': 7.149050885084209, 'mse': 5.038972547459515, 'mae': 1.8149205203138348, 'mape': 11.464075759950001}, test loss: 0.8666604711459234, test perf: {'r2': 0.12388706592088428, 'rmse': 2.2624446961264426, 'rpd': 1.068365743193328, 'rer': 7.1745493326419805, 'mse': 5.118656003030671, 'mae': 1.7817305792614753, 'mape': 10.971303720706237}, ood loss: 0.8442775479384831, ood perf: {'r2': 0.1553559709369423, 'rmse': 2.2353420462501585, 'rpd': 1.0880857981104701, 'rer': 7.195667022040492, 'mse': 4.996754063733847, 'mae': 1.8602915159413513, 'mape': 11.862278025210447}
2025-06-19 18:13:47,854 - main.py[line:273] - INFO: 
 Epoch 2 train loss: 0.8118157655585045, train perf: {'r2': 0.18966067217128435, 'rmse': 2.1916177257341127, 'rpd': 1.1108784490729184, 'rer': 7.322419064724954, 'mse': 4.803188255751964, 'mae': 1.7584589503028176, 'mape': 11.129975773149809}, test loss: 0.8314337271910447, test perf: {'r2': 0.16337460475130927, 'rmse': 2.2108712267948087, 'rpd': 1.0932877410120019, 'rer': 7.341911590330653, 'mse': 4.887951581469182, 'mae': 1.7281754969672385, 'mape': 10.655987807546854}, ood loss: 0.7980497628450394, ood perf: {'r2': 0.20216531075880417, 'rmse': 2.172519016502812, 'rpd': 1.1195501240579575, 'rer': 7.403745110169424, 'mse': 4.719838877066344, 'mae': 1.8106805301719988, 'mape': 11.556370426202406}
2025-06-19 18:13:50,376 - main.py[line:273] - INFO: 
 Epoch 3 train loss: 0.7931151705629685, train perf: {'r2': 0.20810993791825871, 'rmse': 2.1665254364393673, 'rpd': 1.1237444339104872, 'rer': 7.407225942326818, 'mse': 4.69383246673879, 'mae': 1.7220258463805664, 'mape': 10.856506404144406}, test loss: 0.8027415138024551, test perf: {'r2': 0.1840784934755606, 'rmse': 2.183343745423978, 'rpd': 1.1070718544786706, 'rer': 7.434478019667628, 'mse': 4.766989910682003, 'mae': 1.6956464604705006, 'mape': 10.415383852429178}, ood loss: 0.7623699286154338, ood perf: {'r2': 0.23811117532850457, 'rmse': 2.123014355103934, 'rpd': 1.1456559059983005, 'rer': 7.5763863802962055, 'mse': 4.507189951977374, 'mae': 1.767593211859045, 'mape': 11.237635551478785}
2025-06-19 18:13:52,897 - main.py[line:273] - INFO: 
 Epoch 4 train loss: 0.772592633378272, train perf: {'r2': 0.22885331079543525, 'rmse': 2.1379613269339175, 'rpd': 1.1387581568726288, 'rer': 7.506189759063233, 'mse': 4.5708786354650375, 'mae': 1.7083373589656277, 'mape': 10.880402643950942}, test loss: 0.7761281774594233, test perf: {'r2': 0.21160829006212467, 'rmse': 2.146193872104988, 'rpd': 1.12623488522042, 'rer': 7.563166261775309, 'mse': 4.606148136661001, 'mae': 1.677461887006016, 'mape': 10.405676912484784}, ood loss: 0.7543127983808517, ood perf: {'r2': 0.24558969365530547, 'rmse': 2.112569159651741, 'rpd': 1.1513203832081658, 'rer': 7.613846378328447, 'mse': 4.462948454311663, 'mae': 1.7654792283286511, 'mape': 11.33089158300321}
2025-06-19 18:13:55,483 - main.py[line:273] - INFO: 
 Epoch 5 train loss: 0.7551236398079816, train perf: {'r2': 0.24645685419210017, 'rmse': 2.1134180285238062, 'rpd': 1.151982649558818, 'rer': 7.593359761728673, 'mse': 4.4665357632894525, 'mae': 1.689658406032684, 'mape': 10.785252553767428}, test loss: 0.7555810992534344, test perf: {'r2': 0.2340101598020231, 'rmse': 2.1154824691603875, 'rpd': 1.1425849395813044, 'rer': 7.672964121123478, 'mse': 4.47526607732493, 'mae': 1.6539433164930255, 'mape': 10.279057357677708}, ood loss: 0.7770122225795474, ood perf: {'r2': 0.2235947920839919, 'rmse': 2.1431439814486306, 'rpd': 1.1348952545875854, 'rer': 7.505224653320063, 'mse': 4.593066125219488, 'mae': 1.7872775625846755, 'mape': 11.474533003829162}
2025-06-19 18:13:58,009 - main.py[line:273] - INFO: 
 Epoch 6 train loss: 0.7469146836037729, train perf: {'r2': 0.25463618203447913, 'rmse': 2.1019166938289633, 'rpd': 1.15828610490228, 'rer': 7.634909349461812, 'mse': 4.41805378779688, 'mae': 1.676016784124351, 'mape': 10.636667089592011}, test loss: 0.7534884672898513, test perf: {'r2': 0.23414579491080612, 'rmse': 2.115295164849771, 'rpd': 1.1426861127357584, 'rer': 7.6736435436830215, 'mse': 4.474473634436819, 'mae': 1.650205558907993, 'mape': 10.196969879252958}, ood loss: 0.7695765282426562, ood perf: {'r2': 0.23067728710849822, 'rmse': 2.133346532185094, 'rpd': 1.140107290470411, 'rer': 7.539692592139656, 'mse': 4.551167426386167, 'mae': 1.7772740398997993, 'mape': 11.34688636510124}
2025-06-19 18:14:00,568 - main.py[line:273] - INFO: 
 Epoch 7 train loss: 0.7302105555347368, train perf: {'r2': 0.27145868727920963, 'rmse': 2.078061698964808, 'rpd': 1.17158258647327, 'rer': 7.72255387099379, 'mse': 4.318340424704505, 'mae': 1.6584432992068203, 'mape': 10.591461381618576}, test loss: 0.7338294799511249, test perf: {'r2': 0.2596752634707038, 'rmse': 2.0797400558019863, 'rpd': 1.1622214047701478, 'rer': 7.804831685310782, 'mse': 4.325318699707249, 'mae': 1.6264049812209174, 'mape': 10.112234175245417}, ood loss: 0.7537999557597297, ood perf: {'r2': 0.24662265735061484, 'rmse': 2.11112236423622, 'rpd': 1.1521094066586488, 'rer': 7.61906430326793, 'mse': 4.456837636778326, 'mae': 1.7563409673663932, 'mape': 11.258296957209375}
2025-06-19 18:14:03,123 - main.py[line:273] - INFO: 
 Epoch 8 train loss: 0.7280570140071944, train perf: {'r2': 0.2733834146194356, 'rmse': 2.075314876453019, 'rpd': 1.1731332569086137, 'rer': 7.732775204181362, 'mse': 4.30693183642721, 'mae': 1.6587005600296603, 'mape': 10.576305817697634}, test loss: 0.7287012109389672, test perf: {'r2': 0.25960206466425073, 'rmse': 2.079842869283346, 'rpd': 1.1621639523392455, 'rer': 7.804445866781487, 'mse': 4.325746360908781, 'mae': 1.627304802502936, 'mape': 10.116222947647142}, ood loss: 0.755561575293541, ood perf: {'r2': 0.2439817531252908, 'rmse': 2.114819312819318, 'rpd': 1.1500953862585597, 'rer': 7.605745298277878, 'mse': 4.472460725873572, 'mae': 1.757203768071994, 'mape': 11.232600692371609}
2025-06-19 18:14:05,686 - main.py[line:273] - INFO: 
 Epoch 9 train loss: 0.7017971738880756, train perf: {'r2': 0.29968498348831485, 'rmse': 2.037408273115213, 'rpd': 1.1949597595388544, 'rer': 7.87664584917346, 'mse': 4.151032471358315, 'mae': 1.621440797531634, 'mape': 10.31793199716345}, test loss: 0.6967143920751718, test perf: {'r2': 0.2931561346317062, 'rmse': 2.032168300651276, 'rpd': 1.1894282616436267, 'rer': 7.987537783918422, 'mse': 4.129708002171895, 'mae': 1.587609983061339, 'mape': 9.847109013294808}, ood loss: 0.7730387427977153, ood perf: {'r2': 0.22606605190414208, 'rmse': 2.1397305017892427, 'rpd': 1.136705735797173, 'rer': 7.517197624529205, 'mse': 4.578446620287245, 'mae': 1.7721716335457816, 'mape': 11.281207823437446}
2025-06-19 18:14:05,691 - main.py[line:299] - INFO: 
 Best result: {'mse': [9, 4.129708002171895, 4.151032471358315, 4.129708002171895, 4.578446620287245]}
2025-06-19 18:14:12,587 - main.py[line:273] - INFO: 
 Epoch 0 train loss: 0.9297856688499451, train perf: {'r2': 0.07181290968554332, 'rmse': 2.3455738316544115, 'rpd': 1.037963873602311, 'rer': 6.841798455001292, 'mse': 5.501716599741958, 'mae': 1.9303730324972466, 'mape': 12.351206968596351}, test loss: 0.9291214759533222, test perf: {'r2': 0.05938120884788989, 'rmse': 2.344254462152312, 'rpd': 1.0310819274251142, 'rer': 6.924171990198701, 'mse': 5.495528983321024, 'mae': 1.8903295904526027, 'mape': 11.805094622892042}, ood loss: 0.9174762751374926, ood perf: {'r2': 0.08213168229192436, 'rmse': 2.3302221103367957, 'rpd': 1.0437820170251728, 'rer': 6.9026797805373095, 'mse': 5.429935083502469, 'mae': 1.9434550615767359, 'mape': 12.598639009163223}
2025-06-19 18:14:15,081 - main.py[line:273] - INFO: 
 Epoch 1 train loss: 0.8556312030436946, train perf: {'r2': 0.14563282645232034, 'rmse': 2.2503684099902226, 'rpd': 1.0818765893246811, 'rer': 7.131251641403168, 'mse': 5.064157980681922, 'mae': 1.8193316462584737, 'mape': 11.48874744898047}, test loss: 0.8647246590027442, test perf: {'r2': 0.12225533805601008, 'rmse': 2.264550575744174, 'rpd': 1.0673722349595214, 'rer': 7.167877484652428, 'mse': 5.128189310103269, 'mae': 1.78284142132988, 'mape': 10.977073877475103}, ood loss: 0.8382929116487503, ood perf: {'r2': 0.1636469644325811, 'rmse': 2.224343974498395, 'rpd': 1.0934657419576859, 'rer': 7.231245360246051, 'mse': 4.947706116887316, 'mae': 1.8497719034006899, 'mape': 11.816567025118694}
2025-06-19 18:14:17,602 - main.py[line:273] - INFO: 
 Epoch 2 train loss: 0.8274645630051108, train perf: {'r2': 0.1742423410590912, 'rmse': 2.21236944172551, 'rpd': 1.1004585645629672, 'rer': 7.253735797845868, 'mse': 4.8945785466808465, 'mae': 1.7697015378340457, 'mape': 11.09291354687538}, test loss: 0.8498178858023423, test perf: {'r2': 0.13893094048633847, 'rmse': 2.242936188685088, 'rpd': 1.0776581257213367, 'rer': 7.236951798548185, 'mse': 5.0307627465131874, 'mae': 1.7432076481678063, 'mape': 10.650339532213094}, ood loss: 0.7872593764747892, ood perf: {'r2': 0.21254160917265352, 'rmse': 2.158345352665058, 'rpd': 1.1269021111198614, 'rer': 7.452364852233585, 'mse': 4.658454661370853, 'mae': 1.793067197934003, 'mape': 11.346393764899275}
2025-06-19 18:14:20,139 - main.py[line:273] - INFO: 
 Epoch 3 train loss: 0.8084330441905003, train perf: {'r2': 0.19304507236623636, 'rmse': 2.187036267041491, 'rpd': 1.1132055452457843, 'rer': 7.337758252730502, 'mse': 4.783127633354781, 'mae': 1.7450081153935237, 'mape': 10.96283019342699}, test loss: 0.822814955161168, test perf: {'r2': 0.16364370782035842, 'rmse': 2.2105156315155354, 'rpd': 1.0934636130818705, 'rer': 7.343092649204494, 'mse': 4.886379357174526, 'mae': 1.7158703748399748, 'mape': 10.499735971870681}, ood loss: 0.7780821131808418, ood perf: {'r2': 0.22101472392531019, 'rmse': 2.1467019634009437, 'rpd': 1.1330142590407275, 'rer': 7.492785360712224, 'mse': 4.608329319669467, 'mae': 1.7834029737660582, 'mape': 11.310165449031297}
2025-06-19 18:14:22,658 - main.py[line:273] - INFO: 
 Epoch 4 train loss: 0.7878361601455539, train perf: {'r2': 0.21317874485724098, 'rmse': 2.159580451685467, 'rpd': 1.1273582784212104, 'rer': 7.431046805864458, 'mse': 4.6637877273020045, 'mae': 1.722791420300411, 'mape': 10.885847990018993}, test loss: 0.802310613485483, test perf: {'r2': 0.18873148442888588, 'rmse': 2.177109319860479, 'rpd': 1.1102420935692066, 'rer': 7.455767579817072, 'mse': 4.739804990623358, 'mae': 1.6941950179229417, 'mape': 10.429890852341638}, ood loss: 0.7782159277370998, ood perf: {'r2': 0.22257388683442292, 'rmse': 2.1445525424368177, 'rpd': 1.1341498453939856, 'rer': 7.500295155699905, 'mse': 4.599105607272218, 'mae': 1.7817219817470498, 'mape': 11.354086736432151}
2025-06-19 18:14:25,161 - main.py[line:273] - INFO: 
 Epoch 5 train loss: 0.7662280751209632, train perf: {'r2': 0.23506611182691617, 'rmse': 2.1293315875061345, 'rpd': 1.1433733075719066, 'rer': 7.5366107898206245, 'mse': 4.5340530095513945, 'mae': 1.7005821123755827, 'mape': 10.810451231468203}, test loss: 0.7705263632994431, test perf: {'r2': 0.21713196724867923, 'rmse': 2.1386622608279207, 'rpd': 1.1302010857362832, 'rer': 7.58980105556714, 'mse': 4.573876265889592, 'mae': 1.6667788384369064, 'mape': 10.317056634883311}, ood loss: 0.7707824089697429, ood perf: {'r2': 0.22923292969442421, 'rmse': 2.1353482084250115, 'rpd': 1.1390385534535221, 'rer': 7.532624881375472, 'mse': 4.559711971223907, 'mae': 1.772346073741644, 'mape': 11.341462803933926}
2025-06-19 18:14:27,679 - main.py[line:273] - INFO: 
 Epoch 6 train loss: 0.7585541909816218, train perf: {'r2': 0.24305058993631945, 'rmse': 2.1181893169072628, 'rpd': 1.1493877722313235, 'rer': 7.576255478870973, 'mse': 4.486725982260056, 'mae': 1.6892091240871157, 'mape': 10.685250101368721}, test loss: 0.7735347014207107, test perf: {'r2': 0.22280976299494293, 'rmse': 2.130892762055712, 'rpd': 1.134321938791087, 'rer': 7.617474409680768, 'mse': 4.5407039633814215, 'mae': 1.6596832129031767, 'mape': 10.23079454947586}, ood loss: 0.7629704922437668, ood perf: {'r2': 0.23664277443696113, 'rmse': 2.1250592305799256, 'rpd': 1.1445534785306852, 'rer': 7.5690958697623065, 'mse': 4.515876733472946, 'mae': 1.7641016105866767, 'mape': 11.22777142100864}
2025-06-19 18:14:30,206 - main.py[line:273] - INFO: 
 Epoch 7 train loss: 0.7454056541124979, train perf: {'r2': 0.2556240118201305, 'rmse': 2.100523398189515, 'rpd': 1.1590544062602104, 'rer': 7.639973651965348, 'mse': 4.412198546341629, 'mae': 1.6800629732356904, 'mape': 10.734791053287818}, test loss: 0.7457373050542978, test perf: {'r2': 0.2430472764036563, 'rmse': 2.1029662556434703, 'rpd': 1.1493852565272544, 'rer': 7.718631262471992, 'mse': 4.4224670723751185, 'mae': 1.6488090758677858, 'mape': 10.263849353165684}, ood loss: 0.7215296711240496, ood perf: {'r2': 0.27757533431521675, 'rmse': 2.0672995582727913, 'rpd': 1.176531927707715, 'rer': 7.780573928348079, 'mse': 4.273727463634879, 'mae': 1.7224711458447954, 'mape': 11.077255426378331}
2025-06-19 18:14:32,714 - main.py[line:273] - INFO: 
 Epoch 8 train loss: 0.7282577408295051, train perf: {'r2': 0.2735902547131893, 'rmse': 2.075019473839744, 'rpd': 1.1733002657652436, 'rer': 7.733876052646632, 'mse': 4.305705816814169, 'mae': 1.6442529468337206, 'mape': 10.408434099537663}, test loss: 0.7393944538556613, test perf: {'r2': 0.24999705311575826, 'rmse': 2.0932900587752346, 'rpd': 1.1546982698733896, 'rer': 7.75431050115939, 'mse': 4.3818632701672255, 'mae': 1.6249481116869173, 'mape': 10.024867413517658}, ood loss: 0.7275801428726741, ood perf: {'r2': 0.27126408121644485, 'rmse': 2.076310102403352, 'rpd': 1.1714261427657873, 'rer': 7.746808642198712, 'mse': 4.311063641342217, 'mae': 1.7125275555462904, 'mape': 10.86392567703173}
2025-06-19 18:14:35,231 - main.py[line:273] - INFO: 
 Epoch 9 train loss: 0.7129127102739671, train perf: {'r2': 0.2887759899947161, 'rmse': 2.0532155779436705, 'rpd': 1.1857599982572415, 'rer': 7.816005094592597, 'mse': 4.215694209510561, 'mae': 1.6318192410234738, 'mape': 10.409340900301988}, test loss: 0.7073542567399832, test perf: {'r2': 0.28160346550211446, 'rmse': 2.0487078917396713, 'rpd': 1.1798257911519152, 'rer': 7.923052939943454, 'mse': 4.197204025676408, 'mae': 1.602134082271981, 'mape': 9.968928265106626}, ood loss: 0.7169015748160226, ood perf: {'r2': 0.2833591394744295, 'rmse': 2.0590074230115007, 'rpd': 1.1812701145518938, 'rer': 7.811908235696019, 'mse': 4.239511568016462, 'mae': 1.699826968555719, 'mape': 10.860523736527947}
2025-06-19 18:14:35,236 - main.py[line:299] - INFO: 
 Best result: {'mse': [9, 4.197204025676408, 4.215694209510561, 4.197204025676408, 4.239511568016462]}
2025-06-19 18:14:42,172 - main.py[line:273] - INFO: 
 Epoch 0 train loss: 0.9487456235231138, train perf: {'r2': 0.052811777184570974, 'rmse': 2.369460595182682, 'rpd': 1.0275000584833622, 'rer': 6.772825616991255, 'mse': 5.61434351212347, 'mae': 1.9557109584972372, 'mape': 12.571095363635596}, test loss: 0.944991437288431, test perf: {'r2': 0.04526753394438532, 'rmse': 2.361776362024021, 'rpd': 1.023432382539167, 'rer': 6.872801906960684, 'mse': 5.5779875842154185, 'mae': 1.9145607921958627, 'mape': 12.014433657762314}, ood loss: 0.9470900531326022, ood perf: {'r2': 0.05418219283346626, 'rmse': 2.365434202909374, 'rpd': 1.0282441724451472, 'rer': 6.799925791805688, 'mse': 5.595278968293504, 'mae': 1.9724379931705098, 'mape': 12.835055456306607}
2025-06-19 18:14:44,723 - main.py[line:273] - INFO: 
 Epoch 1 train loss: 0.8638765963853574, train perf: {'r2': 0.13837702584234313, 'rmse': 2.259903949356775, 'rpd': 1.0773116710633572, 'rer': 7.101161720644038, 'mse': 5.107165860318349, 'mae': 1.83801483068185, 'mape': 11.79462060886104}, test loss: 0.8554777136215796, test perf: {'r2': 0.12895468143872157, 'rmse': 2.2558919865447136, 'rpd': 1.0714690347001774, 'rer': 7.19538931010411, 'mse': 5.089048654956654, 'mae': 1.792847695417972, 'mape': 11.220762196382546}, ood loss: 0.8454819066183907, ood perf: {'r2': 0.1542479188724003, 'rmse': 2.2368077900960937, 'rpd': 1.0873727931444237, 'rer': 7.190951818212228, 'mse': 5.003309089834571, 'mae': 1.8640529312885983, 'mape': 12.081240767901702}
2025-06-19 18:14:47,250 - main.py[line:273] - INFO: 
 Epoch 2 train loss: 0.8354926319683299, train perf: {'r2': 0.16620278583301884, 'rmse': 2.2231131408259244, 'rpd': 1.0951403486462794, 'rer': 7.218680472349926, 'mse': 4.942232036912906, 'mae': 1.7955142340144596, 'mape': 11.464473745249913}, test loss: 0.8410037389168372, test perf: {'r2': 0.15158025104548611, 'rmse': 2.226400601370361, 'rpd': 1.0856619458884358, 'rer': 7.290700997269973, 'mse': 4.956859637782306, 'mae': 1.7552987614462463, 'mape': 10.924345234443027}, ood loss: 0.817671633192471, ood perf: {'r2': 0.18182291061129097, 'rmse': 2.200041059300119, 'rpd': 1.1055447916130006, 'rer': 7.311125843396621, 'mse': 4.840180662606391, 'mae': 1.8309349831057267, 'mape': 11.79159132242139}
2025-06-19 18:14:49,799 - main.py[line:273] - INFO: 
 Epoch 3 train loss: 0.8077833617434782, train perf: {'r2': 0.1935996575093215, 'rmse': 2.186284610261037, 'rpd': 1.1135882714892917, 'rer': 7.340281014734183, 'mse': 4.7798403970642545, 'mae': 1.7591141730327278, 'mape': 11.274472420834924}, test loss: 0.8060750502806443, test perf: {'r2': 0.18357128261679245, 'rmse': 2.184022268784849, 'rpd': 1.1067279137935582, 'rer': 7.432168305575273, 'mse': 4.769953270548119, 'mae': 1.718043319135447, 'mape': 10.729221260164302}, ood loss: 0.8021620107548577, ood perf: {'r2': 0.19705003357432527, 'rmse': 2.1794723874907027, 'rpd': 1.1159783204431035, 'rer': 7.38012426195576, 'mse': 4.750099887834423, 'mae': 1.8204013674024124, 'mape': 11.74688789814003}
2025-06-19 18:14:52,347 - main.py[line:273] - INFO: 
 Epoch 4 train loss: 0.7931157163545197, train perf: {'r2': 0.20809801829597163, 'rmse': 2.1665417417757626, 'rpd': 1.1237359766393142, 'rer': 7.40717019573841, 'mse': 4.693903118856756, 'mae': 1.735311357775836, 'mape': 11.085003724178064}, test loss: 0.7952597324664776, test perf: {'r2': 0.19954736214651025, 'rmse': 2.1625479514929076, 'rpd': 1.1177178325883041, 'rer': 7.505970479650006, 'mse': 4.6766136425061715, 'mae': 1.6961521578391248, 'mape': 10.553078225774716}, ood loss: 0.7849693830524173, ood perf: {'r2': 0.2164585783984233, 'rmse': 2.152970648540061, 'rpd': 1.1297153243093723, 'rer': 7.47096903345614, 'mse': 4.6352826134750105, 'mae': 1.7950322699211012, 'mape': 11.5397079541447}
2025-06-19 18:14:54,895 - main.py[line:273] - INFO: 
 Epoch 5 train loss: 0.7760895993195328, train perf: {'r2': 0.2251358153382128, 'rmse': 2.1431084059609753, 'rpd': 1.1360232143891655, 'rer': 7.488162228689815, 'mse': 4.592913639700592, 'mae': 1.7175334387387924, 'mape': 11.028872465838754}, test loss: 0.7686826632573054, test perf: {'r2': 0.22162423814880028, 'rmse': 2.132517373091874, 'rpd': 1.1334577807947335, 'rer': 7.611671205847683, 'mse': 4.547630346538666, 'mae': 1.6765191339875674, 'mape': 10.492847466946047}, ood loss: 0.7710648455790111, ood perf: {'r2': 0.22814527884366964, 'rmse': 2.1368543019140867, 'rpd': 1.1382357385177424, 'rer': 7.527315751370996, 'mse': 4.566146307608738, 'mae': 1.782922647771701, 'mape': 11.512927879785595}
2025-06-19 18:14:57,400 - main.py[line:273] - INFO: 
 Epoch 6 train loss: 0.7620160123881172, train perf: {'r2': 0.2394346278935381, 'rmse': 2.1232426049498994, 'rpd': 1.1466522452254937, 'rer': 7.558224095584821, 'mse': 4.508159159474434, 'mae': 1.6994469004708368, 'mape': 10.894151635755607}, test loss: 0.7604191532501807, test perf: {'r2': 0.233172448814585, 'rmse': 2.1166389327036548, 'rpd': 1.141960667861033, 'rer': 7.668771859922111, 'mse': 4.480160371436867, 'mae': 1.6588263813156963, 'mape': 10.360439036004127}, ood loss: 0.7875799430268151, ood perf: {'r2': 0.21116235172780162, 'rmse': 2.160234729635516, 'rpd': 1.125916503922874, 'rer': 7.44584689085925, 'mse': 4.666614087123431, 'mae': 1.7983477248608226, 'mape': 11.58129427322467}
2025-06-19 18:14:59,933 - main.py[line:273] - INFO: 
 Epoch 7 train loss: 0.7513249352866528, train perf: {'r2': 0.25043082806938455, 'rmse': 2.1078378766573844, 'rpd': 1.155032332934949, 'rer': 7.613461924763155, 'mse': 4.44298051427151, 'mae': 1.6846013583187975, 'mape': 10.76359465990989}, test loss: 0.7482654635722821, test perf: {'r2': 0.24268221770364806, 'rmse': 2.103473297605692, 'rpd': 1.149108197362072, 'rer': 7.716770687419557, 'mse': 4.424599913740164, 'mae': 1.6494710306363138, 'mape': 10.271690905030013}, ood loss: 0.7825213159833636, ood perf: {'r2': 0.21692593022861018, 'rmse': 2.152328471350116, 'rpd': 1.1300523906178193, 'rer': 7.47319810116766, 'mse': 4.632517848584327, 'mae': 1.7925188655584632, 'mape': 11.493315725284068}
2025-06-19 18:15:02,432 - main.py[line:273] - INFO: 
 Epoch 8 train loss: 0.7364070520681494, train perf: {'r2': 0.26488925092265725, 'rmse': 2.0874098695102297, 'rpd': 1.1663358191822024, 'rer': 7.687969503214982, 'mse': 4.357279963328715, 'mae': 1.6725604441886452, 'mape': 10.73278990138092}, test loss: 0.7239872354727525, test perf: {'r2': 0.26224916940620824, 'rmse': 2.0761215652319494, 'rpd': 1.1642470506975748, 'rer': 7.818434795228321, 'mse': 4.31028075362116, 'mae': 1.6308810325983187, 'mape': 10.19827826429597}, ood loss: 0.7840119983468737, ood perf: {'r2': 0.21618814518832685, 'rmse': 2.153342157000175, 'rpd': 1.1295204185443333, 'rer': 7.469680093752733, 'mse': 4.636882445114166, 'mae': 1.7924717548531546, 'mape': 11.521817785916856}
2025-06-19 18:15:04,933 - main.py[line:273] - INFO: 
 Epoch 9 train loss: 0.7190481774947223, train perf: {'r2': 0.28229558907654184, 'rmse': 2.0625484240020993, 'rpd': 1.1803945409437573, 'rer': 7.780638374717877, 'mse': 4.254106001353543, 'mae': 1.6462820027325604, 'mape': 10.541291495374674}, test loss: 0.7093168818033658, test perf: {'r2': 0.28108265613549444, 'rmse': 2.049450373709938, 'rpd': 1.179398359783377, 'rer': 7.920182548919188, 'mse': 4.200246834299803, 'mae': 1.6050113662757195, 'mape': 10.018410689290096}, ood loss: 0.7888196600334985, ood perf: {'r2': 0.21017185655297788, 'rmse': 2.1615905414612997, 'rpd': 1.1252102966733588, 'rer': 7.4411766413027465, 'mse': 4.672473668934955, 'mae': 1.7933230695590168, 'mape': 11.488630080418345}
2025-06-19 18:15:04,938 - main.py[line:299] - INFO: 
 Best result: {'mse': [9, 4.200246834299803, 4.254106001353543, 4.200246834299803, 4.672473668934955]}
2025-06-19 18:15:07,358 - main.py[line:359] - INFO: 
 Results: {'train': {'r2': {'mean': 0.29287201843013944, 'std': 0.007694582927059303}, 'rmse': {'mean': 2.04726441528711, 'std': 0.011131521722162746}, 'rpd': {'mean': 1.1892419786125117, 'std': 0.00645771059141846}, 'rer': {'mean': 7.838956767980182, 'std': 0.04256637005474518}, 'mse': {'mean': 4.191415496876722, 'std': 0.045608708696380285}, 'mae': {'mean': 1.6323287015465024, 'std': 0.008944739096247668}, 'mape': {'mean': 10.44436472908789, 'std': 0.08770803366263097}}, 'test': {'r2': {'mean': 0.2889612108524557, 'std': 0.007995583420187326}, 'rmse': {'mean': 2.0381572953369123, 'std': 0.011468300241303573}, 'rpd': {'mean': 1.1859708076627786, 'std': 0.006683189355734699}, 'rer': {'mean': 7.96431944852254, 'std': 0.044880577683807}, 'mse': {'mean': 4.154216682445502, 'std': 0.04671388753607743}, 'mae': {'mean': 1.5959168029314466, 'std': 0.007736912268633138}, 'mape': {'mean': 9.95627938975649, 'std': 0.06542390520810164}}, 'ood': {'r2': {'mean': 0.23589403091251662, 'std': 0.02807633395424318}, 'rmse': {'mean': 2.1257355012298396, 'std': 0.039430155087107274}, 'rpd': {'mean': 1.1445905913717482, 'std': 0.021632063054564585}, 'rer': {'mean': 7.569341302288854, 'std': 0.14305592721708146}, 'mse': {'mean': 4.5203061583190705, 'std': 0.16609427279825079}, 'mae': {'mean': 1.7592328667976487, 'std': 0.035397043379539125}, 'mape': {'mean': 11.256666613169688, 'std': 0.2402276662399561}}}
