2025-06-19 16:02:01,347 - /data/home/wxl22/NIROOD/utils/util.py[line:223] - INFO: 
 +--------------+-------------------------------------+
| Parameter    | Value                               |
+--------------+-------------------------------------+
| device       | 0                                   |
+--------------+-------------------------------------+
| root         | /data/home/wxl22/NIROOD/datasets    |
+--------------+-------------------------------------+
| check_point  | /data/home/wxl22/NIROOD/check_point |
+--------------+-------------------------------------+
| seed         | [2022, 2024, 2025, 2027]            |
+--------------+-------------------------------------+
| dataset      | manggo_maturity                     |
+--------------+-------------------------------------+
| label        | brix                                |
+--------------+-------------------------------------+
| taskMode     | regression                          |
+--------------+-------------------------------------+
| log_dir      | /data/home/wxl22/NIROOD/logs        |
+--------------+-------------------------------------+
| metric       | mse                                 |
+--------------+-------------------------------------+
| save_model   | False                               |
+--------------+-------------------------------------+
| drop_early   | 0                                   |
+--------------+-------------------------------------+
| batch_size   | 256                                 |
+--------------+-------------------------------------+
| epochs       | 5                                   |
+--------------+-------------------------------------+
| lr           | 0.005                               |
+--------------+-------------------------------------+
| model        | ours                                |
+--------------+-------------------------------------+
| bidirection  | False                               |
+--------------+-------------------------------------+
| num_envs     | 1                                   |
+--------------+-------------------------------------+
| irm_opt      | eiil                                |
+--------------+-------------------------------------+
| threshold    | 0.010                               |
+--------------+-------------------------------------+
| window_size  | 4                                   |
+--------------+-------------------------------------+
| rate         | 0.010                               |
+--------------+-------------------------------------+
| batch_rate   | 0.010                               |
+--------------+-------------------------------------+
| spec_coe     | 1                                   |
+--------------+-------------------------------------+
| Odcnn_coe    | 1                                   |
+--------------+-------------------------------------+
| invMode_coe  | 4                                   |
+--------------+-------------------------------------+
| invCont_coe  | 0.015                               |
+--------------+-------------------------------------+
| drop_rate    | 0.700                               |
+--------------+-------------------------------------+
| current_time | 2.025e+13                           |
+--------------+-------------------------------------+
2025-06-19 16:02:06,555 - main.py[line:271] - INFO: 
 Epoch 0 train loss: 1.0054156491833348, train perf: {'r2': -0.004495149572999679, 'rmse': 2.2173865480210835, 'rpd': 0.9977599743287461, 'rer': 7.739810116639918, 'mse': 4.916803103344857, 'mae': 1.8460744801068527, 'mape': 11.099714690714544}, test loss: 0.9904365539550781, test perf: {'r2': -0.0041839651453401405, 'rmse': 2.2053010498555423, 'rpd': 0.9979145592091011, 'rer': 7.784880912936094, 'mse': 4.863352720493958, 'mae': 1.8269937434763377, 'mape': 11.010698872426488}, ood loss: 1.0019918754696846, ood perf: {'r2': -0.004431244776400112, 'rmse': 2.214972581018853, 'rpd': 0.9977917139995319, 'rer': 7.748774191510627, 'mse': 4.906103534665319, 'mae': 1.809747279774059, 'mape': 10.941818903016793}
2025-06-19 16:02:08,376 - main.py[line:271] - INFO: 
 Epoch 1 train loss: 1.00101222338215, train perf: {'r2': 8.736500678230286e-06, 'rmse': 2.212409880806886, 'rpd': 1.0000043682789617, 'rer': 7.757220298896718, 'mse': 4.89475748069194, 'mae': 1.8420931724514946, 'mape': 10.9790800090307}, test loss: 0.9897225573658943, test perf: {'r2': -5.519358730943225e-06, 'rmse': 2.20070809831355, 'rpd': 0.9999972403320581, 'rer': 7.80112822025536, 'mse': 4.84311613398284, 'mae': 1.8265726827679378, 'mape': 10.911374556767147}, ood loss: 1.0010455623269081, ood perf: {'r2': 0.00010214053599022499, 'rmse': 2.2099684157508115, 'rpd': 1.0000510741805866, 'rer': 7.7663202099979, 'mse': 4.883960398616151, 'mae': 1.8016250340625493, 'mape': 10.798365893824856}
2025-06-19 16:02:10,279 - main.py[line:271] - INFO: 
 Epoch 2 train loss: 0.998908563967674, train perf: {'r2': 9.088967436532425e-05, 'rmse': 2.2123189998997255, 'rpd': 1.0000454479352672, 'rer': 7.757538961448476, 'mse': 4.8943553573173215, 'mae': 1.8416559989616874, 'mape': 11.022528185823496}, test loss: 1.005762703716755, test perf: {'r2': -0.002360145369773914, 'rmse': 2.203297482925423, 'rpd': 0.9988220120725526, 'rer': 7.791960088613892, 'mse': 4.854519798265503, 'mae': 1.8256713481398508, 'mape': 10.948723241769896}, ood loss: 0.9943131655454636, ood perf: {'r2': 0.006696821044361534, 'rmse': 2.2026685974238434, 'rpd': 1.0033653227097323, 'rer': 7.792058410773247, 'mse': 4.851748950077121, 'mae': 1.793367205725776, 'mape': 10.797649206337002}
2025-06-19 16:02:12,173 - main.py[line:271] - INFO: 
 Epoch 3 train loss: 0.9984352838608527, train perf: {'r2': 0.00332117172797175, 'rmse': 2.2087425771086955, 'rpd': 1.001664733663323, 'rer': 7.7701000626974706, 'mse': 4.878543771932761, 'mae': 1.840022190837487, 'mape': 10.973717628586336}, test loss: 0.9894969239830971, test perf: {'r2': 0.001362437572415609, 'rmse': 2.1992023545516504, 'rpd': 1.0006819156660174, 'rer': 7.806469475064913, 'mse': 4.836490996265522, 'mae': 1.8258766202784296, 'mape': 10.91515781617508}, ood loss: 0.9977921172976494, ood perf: {'r2': 0.0003282859599939014, 'rmse': 2.2097184889702004, 'rpd': 1.0001641834054333, 'rer': 7.767198607593326, 'mse': 4.8828558004967455, 'mae': 1.802514872888122, 'mape': 10.810887241068281}
2025-06-19 16:02:14,020 - main.py[line:271] - INFO: 
 Epoch 4 train loss: 1.0000987783555062, train perf: {'r2': -0.0002886094842260434, 'rmse': 2.212738784830111, 'rpd': 0.9998557264861644, 'rer': 7.756067256801177, 'mse': 4.896212929891437, 'mae': 1.8421677530241554, 'mape': 10.958038665437646}, test loss: 0.9872983396053314, test perf: {'r2': -0.0003896508769667406, 'rmse': 2.201130736069136, 'rpd': 0.9998052314784627, 'rer': 7.79963033043536, 'mse': 4.844976517268257, 'mae': 1.8270549121371753, 'mape': 10.892868773102785}, ood loss: 1.004987820982933, ood perf: {'r2': -0.00030753130286642616, 'rmse': 2.2104210965423228, 'rpd': 0.9998462698052935, 'rer': 7.764729714872202, 'mse': 4.8859614240393645, 'mae': 1.800650869234644, 'mape': 10.771834610619786}
2025-06-19 16:02:14,023 - main.py[line:297] - INFO: 
 Best result: {'mse': [3, 4.836490996265522, 4.878543771932761, 4.836490996265522, 4.8828558004967455]}
2025-06-19 16:02:20,902 - main.py[line:271] - INFO: 
 Epoch 0 train loss: 1.0011273987831608, train perf: {'r2': -6.301238449690771e-05, 'rmse': 2.2124892490479158, 'rpd': 0.9999684952966336, 'rer': 7.756942025485597, 'mse': 4.895108677152611, 'mae': 1.8421207050093662, 'mape': 10.971758779825977}, test loss: 0.9881570562720299, test perf: {'r2': -7.492600901559676e-05, 'rmse': 2.2007844684555886, 'rpd': 0.9999625391005758, 'rer': 7.800857510752098, 'mse': 4.843452276595348, 'mae': 1.8267096702548198, 'mape': 10.904733798845854}, ood loss: 0.9967020824551582, ood perf: {'r2': -7.18519320968003e-05, 'rmse': 2.2101606859558904, 'rpd': 0.9999640759698485, 'rer': 7.765644588542423, 'mse': 4.884810257745013, 'mae': 1.801328137908319, 'mape': 10.789484345021059}
2025-06-19 16:02:22,945 - main.py[line:271] - INFO: 
 Epoch 1 train loss: 1.0053444773920122, train perf: {'r2': -1.3685705451793595e-05, 'rmse': 2.212434684439742, 'rpd': 0.9999931572175101, 'rer': 7.757133332603147, 'mse': 4.894867232911979, 'mae': 1.8422473919502125, 'mape': 11.001298705370646}, test loss: 0.9959249123930931, test perf: {'r2': 5.316963322510304e-06, 'rmse': 2.2006961745562093, 'rpd': 1.0000026584922626, 'rer': 7.8011704881344786, 'mse': 4.843063652706333, 'mae': 1.8261500818485215, 'mape': 10.930092821391135}, ood loss: 1.004138134419918, ood perf: {'r2': -0.0002488188149532, 'rmse': 2.210356225878932, 'rpd': 0.9998756138042615, 'rer': 7.764957598125479, 'mse': 4.885674645281756, 'mae': 1.8031014288314666, 'mape': 10.828481952699684}
2025-06-19 16:02:24,815 - main.py[line:271] - INFO: 
 Epoch 2 train loss: 1.0045726203149365, train perf: {'r2': -0.00018175247515572757, 'rmse': 2.2126205924598445, 'rpd': 0.999909136148282, 'rer': 7.756481565506497, 'mse': 4.895689886177354, 'mae': 1.8421363505226944, 'mape': 10.963507310357324}, test loss: 0.9934453889727592, test perf: {'r2': -0.00023433328104793816, 'rmse': 2.2009598588491626, 'rpd': 0.9998828539474882, 'rer': 7.800235874940102, 'mse': 4.844224300265325, 'mae': 1.8269031802465543, 'mape': 10.89758789817595}, ood loss: 1.0016929656267166, ood perf: {'r2': -0.0002596556042611109, 'rmse': 2.210368199449601, 'rpd': 0.9998701974752873, 'rer': 7.764915535328625, 'mse': 4.885727577138072, 'mae': 1.8009966859913835, 'mape': 10.77937829996045}
2025-06-19 16:02:26,745 - main.py[line:271] - INFO: 
 Epoch 3 train loss: 1.000140295874688, train perf: {'r2': 0.0008712231459790942, 'rmse': 2.2114555796691855, 'rpd': 1.0004358964159623, 'rer': 7.760567743098035, 'mse': 4.890535780849974, 'mae': 1.8416410981688023, 'mape': 10.986618197132502}, test loss: 0.9894276112318039, test perf: {'r2': 0.0006852088997139072, 'rmse': 2.199947925582297, 'rpd': 1.000342780617166, 'rer': 7.8038238317637445, 'mse': 4.83977087527385, 'mae': 1.8258224527552394, 'mape': 10.917581250885764}, ood loss: 1.001830279827118, ood perf: {'r2': -0.002081676665947718, 'rmse': 2.2123804295051643, 'rpd': 0.9989607838698382, 'rer': 7.757853098773538, 'mse': 4.8946271648574555, 'mae': 1.805228560861915, 'mape': 10.830042390582214}
2025-06-19 16:02:28,662 - main.py[line:271] - INFO: 
 Epoch 4 train loss: 1.0145774925908735, train perf: {'r2': -0.013933635352564533, 'rmse': 2.2277797480547243, 'rpd': 0.9931051519623008, 'rer': 7.7037017918224056, 'mse': 4.963002605842771, 'mae': 1.8498689972409013, 'mape': 10.8595688728058}, test loss: 1.0079229399561882, test perf: {'r2': -0.01477932866182785, 'rmse': 2.216904827290537, 'rpd': 0.9926912504311796, 'rer': 7.744133098975108, 'mse': 4.914667013264085, 'mae': 1.8374561642594271, 'mape': 10.811035075606368}, ood loss: 1.0108672082424164, ood perf: {'r2': -0.014213067306382055, 'rmse': 2.225731890568118, 'rpd': 0.9929683343453578, 'rer': 7.7113161937584636, 'mse': 4.953882448691929, 'mae': 1.8065011014842023, 'mape': 10.665088360291119}
2025-06-19 16:02:28,665 - main.py[line:297] - INFO: 
 Best result: {'mse': [3, 4.83977087527385, 4.890535780849974, 4.83977087527385, 4.8946271648574555]}
2025-06-19 16:02:35,268 - main.py[line:271] - INFO: 
 Epoch 0 train loss: 1.0033939923009565, train perf: {'r2': -0.0019121812214852874, 'rmse': 2.2145338085536914, 'rpd': 0.9990452783718623, 'rer': 7.749780459700194, 'mse': 4.904159989227317, 'mae': 1.843024761988623, 'mape': 10.924964877177096}, test loss: 0.9903019666671753, test perf: {'r2': -0.002180045584498691, 'rmse': 2.2030995344976843, 'rpd': 0.9989117562006705, 'rer': 7.792660195996418, 'mse': 4.853647558903912, 'mae': 1.8285449303368349, 'mape': 10.863716400123089}, ood loss: 0.9973748847842216, ood perf: {'r2': -0.001957568118243991, 'rmse': 2.2122434227967376, 'rpd': 0.9990226506280055, 'rer': 7.758333551289101, 'mse': 4.894020961707425, 'mae': 1.7999504320549242, 'mape': 10.73033581547502}
2025-06-19 16:02:37,251 - main.py[line:271] - INFO: 
 Epoch 1 train loss: 1.0001031237263833, train perf: {'r2': -0.0003752358428226188, 'rmse': 2.2128345958549733, 'rpd': 0.99981243486281, 'rer': 7.755731435608681, 'mse': 4.896636948612643, 'mae': 1.8425854952769962, 'mape': 11.0143386560191}, test loss: 0.9876412227749825, test perf: {'r2': -0.0002365903917027623, 'rmse': 2.2009623421708104, 'rpd': 0.999881725790641, 'rer': 7.800227074019598, 'mse': 4.84423523165402, 'mae': 1.8260324073709044, 'mape': 10.940474211094797}, ood loss: 1.0027462244033813, ood perf: {'r2': -0.0005618349637592779, 'rmse': 2.2107020513675772, 'rpd': 0.9997192008346738, 'rer': 7.763742906958019, 'mse': 4.887203559920814, 'mae': 1.8039742065198494, 'mape': 10.844178756126462}
2025-06-19 16:02:39,208 - main.py[line:271] - INFO: 
 Epoch 2 train loss: 0.9998659010856382, train perf: {'r2': -0.00045634528610682956, 'rmse': 2.2129243012664106, 'rpd': 0.9997719054213928, 'rer': 7.7554170411763765, 'mse': 4.897033963135431, 'mae': 1.8427884633951157, 'mape': 11.02044001913719}, test loss: 0.9887385740876198, test perf: {'r2': 0.000493120989853213, 'rmse': 2.200159352000347, 'rpd': 1.0002466517205315, 'rer': 7.803073915845908, 'mse': 4.840701174194587, 'mae': 1.8253006049179257, 'mape': 10.941141627879498}, ood loss: 1.0023014545440674, ood perf: {'r2': -0.0038594823481612472, 'rmse': 2.2143420657963775, 'rpd': 0.9980758267724652, 'rer': 7.750980589591005, 'mse': 4.903310784355369, 'mae': 1.8073593496072171, 'mape': 10.867241655132094}
2025-06-19 16:02:41,077 - main.py[line:271] - INFO: 
 Epoch 3 train loss: 1.0058042964627665, train perf: {'r2': -0.0002266080182289354, 'rmse': 2.2126702070350515, 'rpd': 0.9998867152439477, 'rer': 7.756307642372019, 'mse': 4.895909445100538, 'mae': 1.8423835927990757, 'mape': 11.00879885104455}, test loss: 0.9930486306548119, test perf: {'r2': 0.00015890143253971534, 'rmse': 2.200527170791346, 'rpd': 1.0000794601861482, 'rer': 7.801769629649446, 'mse': 4.8423198293909655, 'mae': 1.8254443294782339, 'mape': 10.933043710558179}, ood loss: 1.0020237043499947, ood perf: {'r2': -0.0029328255237506262, 'rmse': 2.213319806718305, 'rpd': 0.9985368049245723, 'rer': 7.754560510688545, 'mse': 4.898784566811554, 'mae': 1.8060516867974792, 'mape': 10.85073082817984}
2025-06-19 16:02:42,945 - main.py[line:271] - INFO: 
 Epoch 4 train loss: 1.0004307935314793, train perf: {'r2': -3.336113564555987e-05, 'rmse': 2.2124564493369117, 'rpd': 0.9999833198495276, 'rer': 7.75705702230589, 'mse': 4.894963540212495, 'mae': 1.8421042840831925, 'mape': 10.973541829243443}, test loss: 0.9932231679558754, test perf: {'r2': -7.169474768597972e-05, 'rmse': 2.200780913064234, 'rpd': 0.9999641545535931, 'rer': 7.800870113142998, 'mse': 4.8434366273078435, 'mae': 1.8266702756032585, 'mape': 10.906402208779914}, ood loss: 1.003607764840126, ood perf: {'r2': -3.984269651269301e-05, 'rmse': 2.210125315437245, 'rpd': 0.9999800792470142, 'rer': 7.765768868769791, 'mse': 4.884653909936581, 'mae': 1.8014250447051694, 'mape': 10.791959524091983}
2025-06-19 16:02:42,949 - main.py[line:297] - INFO: 
 Best result: {'mse': [2, 4.840701174194587, 4.897033963135431, 4.840701174194587, 4.903310784355369]}
2025-06-19 16:02:49,299 - main.py[line:271] - INFO: 
 Epoch 0 train loss: 1.0084220305565865, train perf: {'r2': -0.005262702134576802, 'rmse': 2.2182335584447905, 'rpd': 0.9973789896053851, 'rer': 7.736854747120171, 'mse': 4.920560119810637, 'mae': 1.8448101579222203, 'mape': 10.89479073806643}, test loss: 0.9903678819537163, test perf: {'r2': -0.005691769771300592, 'rmse': 2.2069560831833734, 'rpd': 0.9971662063685512, 'rer': 7.779042900361997, 'mse': 4.870655153100097, 'mae': 1.8310097676236423, 'mape': 10.837751071811704}, ood loss: 1.0049380734562874, ood perf: {'r2': -0.0053380713051840445, 'rmse': 2.215972222735935, 'rpd': 0.9973416026614749, 'rer': 7.74527866126047, 'mse': 4.9105328919372395, 'mae': 1.8011242827983818, 'mape': 10.697277525030625}
2025-06-19 16:02:51,155 - main.py[line:271] - INFO: 
 Epoch 1 train loss: 1.0009061386508327, train perf: {'r2': -8.259559332701727e-06, 'rmse': 2.2124286820168084, 'rpd': 0.999995870245916, 'rer': 7.7571543780702354, 'mse': 4.8948406730106315, 'mae': 1.8421652912479718, 'mape': 10.982563298948698}, test loss: 0.9901315048336983, test perf: {'r2': -3.457830388020611e-05, 'rmse': 2.2007400730327427, 'rpd': 0.9999827112964191, 'rer': 7.801014877072634, 'mse': 4.843256869052162, 'mae': 1.8265048634189953, 'mape': 10.91404959091305}, ood loss: 1.0026457011699677, ood perf: {'r2': 1.606613252247424e-05, 'rmse': 2.210063534276029, 'rpd': 1.0000080331630579, 'rer': 7.765985956745319, 'mse': 4.884380825536653, 'mae': 1.8019049413276442, 'mape': 10.803316228490038}
2025-06-19 16:02:53,029 - main.py[line:271] - INFO: 
 Epoch 2 train loss: 0.9993332009161672, train perf: {'r2': 0.000603554931194572, 'rmse': 2.2117517860946885, 'rpd': 1.0003019141387985, 'rer': 7.75952841759799, 'mse': 4.891845963293044, 'mae': 1.8412320617544171, 'mape': 10.974786303743281}, test loss: 0.9986323937773705, test perf: {'r2': 0.0011759400830687605, 'rmse': 2.1994076976040406, 'rpd': 1.0005884891133785, 'rer': 7.805740640537259, 'mse': 4.837394220279908, 'mae': 1.8248254169340423, 'mape': 10.902045508214801}, ood loss: 0.9987075701355934, ood perf: {'r2': -0.0005992414934661294, 'rmse': 2.2107433751099914, 'rpd': 0.9997005138449457, 'rer': 7.763597785224005, 'mse': 4.887386270592716, 'mae': 1.802624188047467, 'mape': 10.803665012545892}
2025-06-19 16:02:54,842 - main.py[line:271] - INFO: 
 Epoch 3 train loss: 1.0003577451552115, train perf: {'r2': -0.0003998750804186102, 'rmse': 2.212861846740289, 'rpd': 0.9998001224023463, 'rer': 7.755635925557656, 'mse': 4.896757552758843, 'mae': 1.8425808521304146, 'mape': 11.012524335603358}, test loss: 0.9941346272826195, test perf: {'r2': -0.0002577616228573998, 'rmse': 2.2009856350779025, 'rpd': 0.9998711440986161, 'rer': 7.800144524655515, 'mse': 4.8443377658192786, 'mae': 1.8261381017750706, 'mape': 10.939304134452799}, ood loss: 1.0019642040133476, ood perf: {'r2': -0.00038395807326652154, 'rmse': 2.210505536633828, 'rpd': 0.9998080762296097, 'rer': 7.764433106482505, 'mse': 4.886334727488808, 'mae': 1.8036978577122544, 'mape': 10.840804069900797}
2025-06-19 16:02:56,796 - main.py[line:271] - INFO: 
 Epoch 4 train loss: 1.0403532751144902, train perf: {'r2': -0.035224050066697155, 'rmse': 2.2510475190414954, 'rpd': 0.9828400007177458, 'rer': 7.624073100057237, 'mse': 5.067214932982872, 'mae': 1.8657925554947308, 'mape': 10.959080278570571}, test loss: 1.0189520418643951, test perf: {'r2': -0.031240327186943917, 'rmse': 2.2348129901152225, 'rpd': 0.9847365461109556, 'rer': 7.68207725936531, 'mse': 4.994389100787742, 'mae': 1.8525350863210823, 'mape': 10.907988181247683}, ood loss: 1.0344660580158234, ood perf: {'r2': -0.03524099637967959, 'rmse': 2.2486868417838406, 'rpd': 0.982831956415751, 'rer': 7.632597857462105, 'mse': 5.056592512411784, 'mae': 1.8307291194646045, 'mape': 10.825491108672345}
2025-06-19 16:02:56,801 - main.py[line:297] - INFO: 
 Best result: {'mse': [2, 4.837394220279908, 4.891845963293044, 4.837394220279908, 4.887386270592716]}
2025-06-19 16:02:59,246 - main.py[line:357] - INFO: 
 Results: {'train': {'r2': {'mean': 0.0010849011297596467, 'std': 0.0013832659854918312}, 'rmse': {'mean': 2.2112185610347446, 'std': 0.0015313844175779275}, 'rpd': {'mean': 1.0005436124098692, 'std': 0.0006932649801106349}, 'rer': {'mean': 7.761403316142468, 'std': 0.005377785684560841}, 'mse': {'mean': 4.889489869802802, 'std': 0.0067708106834650965}, 'mae': {'mean': 1.8414209535389556, 'std': 0.0009887825931456466}, 'mape': {'mean': 10.988890537149826, 'std': 0.018905554058845322}}, 'test': {'r2': {'mean': 0.0009291768862628724, 'std': 0.00035294192890537575}, 'rmse': {'mean': 2.1996793324345836, 'std': 0.00038854035970721523}, 'rpd': {'mean': 1.0004649592792734, 'std': 0.00017671694127984491}, 'rer': {'mean': 7.804776965802956, 'std': 0.0013785953220803967}, 'mse': {'mean': 4.838589316503467, 'std': 0.0017093293158390373}, 'mae': {'mean': 1.8254562737214093, 'std': 0.0004280745774279616}, 'mape': {'mean': 10.918981550788786, 'std': 0.014093263824861252}}, 'ood': {'r2': {'mean': -0.0015530286368952984, 'std': 0.0015849488941502674}, 'rmse': {'mean': 2.2117960898454334, 'std': 0.0017498628583195986}, 'rpd': {'mean': 0.9992253269731706, 'std': 0.0007903460837587282}, 'rer': {'mean': 7.759907520295468, 'std': 0.006137767281753213}, 'mse': {'mean': 4.8920450050755715, 'std': 0.007741618365909839}, 'mae': {'mean': 1.8044317428511802, 'std': 0.0020091941844882803}, 'mape': {'mean': 10.827959074832119, 'std': 0.024643002505608965}}}
